Archive member included to satisfy reference by file (symbol)

c:/program files/microchip/xc32/v2.41/bin/bin/../../lib/gcc/pic32c/6.2.1/../../../../pic32c/lib/v7e-m/fpv4-sp/hard\libpic32c.a(data_init.o)
                              build/default/production/_ext/1171490990/startup_xc32.o (__pic32c_data_initialization)
c:/program files/microchip/xc32/v2.41/bin/bin/../../lib/gcc/pic32c/6.2.1/v7e-m/fpv4-sp/hard\libgcc.a(_aeabi_uldivmod.o)
                              build/default/production/_ext/101884895/sys_time.o (__aeabi_uldivmod)
c:/program files/microchip/xc32/v2.41/bin/bin/../../lib/gcc/pic32c/6.2.1/v7e-m/fpv4-sp/hard\libgcc.a(_udivmoddi4.o)
                              c:/program files/microchip/xc32/v2.41/bin/bin/../../lib/gcc/pic32c/6.2.1/v7e-m/fpv4-sp/hard\libgcc.a(_aeabi_uldivmod.o) (__udivmoddi4)
c:/program files/microchip/xc32/v2.41/bin/bin/../../lib/gcc/pic32c/6.2.1/v7e-m/fpv4-sp/hard\libgcc.a(_dvmd_tls.o)
                              c:/program files/microchip/xc32/v2.41/bin/bin/../../lib/gcc/pic32c/6.2.1/v7e-m/fpv4-sp/hard\libgcc.a(_aeabi_uldivmod.o) (__aeabi_ldiv0)
c:/program files/microchip/xc32/v2.41/bin/bin/../../lib/gcc/pic32c/6.2.1/../../../../pic32c/lib/v7e-m/fpv4-sp/hard\libc_nano.a(lib_a-init.o)
                              build/default/production/_ext/1171490990/startup_xc32.o (__libc_init_array)
c:/program files/microchip/xc32/v2.41/bin/bin/../../lib/gcc/pic32c/6.2.1/../../../../pic32c/lib/v7e-m/fpv4-sp/hard\libc_nano.a(lib_a-malloc.o)
                              build/default/production/_ext/308758920/usb_host.o (malloc)
c:/program files/microchip/xc32/v2.41/bin/bin/../../lib/gcc/pic32c/6.2.1/../../../../pic32c/lib/v7e-m/fpv4-sp/hard\libc_nano.a(lib_a-memcpy-stub.o)
                              build/default/production/_ext/1593096446/plib_nvmctrl.o (memcpy)
c:/program files/microchip/xc32/v2.41/bin/bin/../../lib/gcc/pic32c/6.2.1/../../../../pic32c/lib/v7e-m/fpv4-sp/hard\libc_nano.a(lib_a-memset.o)
                              build/default/production/_ext/308758920/usb_host_scsi.o (memset)
c:/program files/microchip/xc32/v2.41/bin/bin/../../lib/gcc/pic32c/6.2.1/../../../../pic32c/lib/v7e-m/fpv4-sp/hard\libc_nano.a(lib_a-nano-freer.o)
                              c:/program files/microchip/xc32/v2.41/bin/bin/../../lib/gcc/pic32c/6.2.1/../../../../pic32c/lib/v7e-m/fpv4-sp/hard\libc_nano.a(lib_a-malloc.o) (_free_r)
c:/program files/microchip/xc32/v2.41/bin/bin/../../lib/gcc/pic32c/6.2.1/../../../../pic32c/lib/v7e-m/fpv4-sp/hard\libc_nano.a(lib_a-nano-mallocr.o)
                              c:/program files/microchip/xc32/v2.41/bin/bin/../../lib/gcc/pic32c/6.2.1/../../../../pic32c/lib/v7e-m/fpv4-sp/hard\libc_nano.a(lib_a-malloc.o) (_malloc_r)
c:/program files/microchip/xc32/v2.41/bin/bin/../../lib/gcc/pic32c/6.2.1/../../../../pic32c/lib/v7e-m/fpv4-sp/hard\libc_nano.a(lib_a-sbrkr.o)
                              c:/program files/microchip/xc32/v2.41/bin/bin/../../lib/gcc/pic32c/6.2.1/../../../../pic32c/lib/v7e-m/fpv4-sp/hard\libc_nano.a(lib_a-nano-mallocr.o) (_sbrk_r)
c:/program files/microchip/xc32/v2.41/bin/bin/../../lib/gcc/pic32c/6.2.1/../../../../pic32c/lib/v7e-m/fpv4-sp/hard\libc_nano.a(lib_a-strcmp.o)
                              build/default/production/_ext/1269487135/sys_fs_media_manager.o (strcmp)
c:/program files/microchip/xc32/v2.41/bin/bin/../../lib/gcc/pic32c/6.2.1/../../../../pic32c/lib/v7e-m/fpv4-sp/hard\libc_nano.a(lib_a-strcpy.o)
                              build/default/production/_ext/1269487135/sys_fs.o (strcpy)
c:/program files/microchip/xc32/v2.41/bin/bin/../../lib/gcc/pic32c/6.2.1/../../../../pic32c/lib/v7e-m/fpv4-sp/hard\libc_nano.a(lib_a-strlen.o)
                              build/default/production/_ext/1269487135/sys_fs.o (strlen)
c:/program files/microchip/xc32/v2.41/bin/bin/../../lib/gcc/pic32c/6.2.1/../../../../pic32c/lib/v7e-m/fpv4-sp/hard\libc_nano.a(lib_a-strncmp.o)
                              build/default/production/_ext/1269487135/sys_fs.o (strncmp)
c:/program files/microchip/xc32/v2.41/bin/bin/../../lib/gcc/pic32c/6.2.1/../../../../pic32c/lib/v7e-m/fpv4-sp/hard\libc_nano.a(lib_a-strncpy.o)
                              build/default/production/_ext/1269487135/sys_fs.o (strncpy)
c:/program files/microchip/xc32/v2.41/bin/bin/../../lib/gcc/pic32c/6.2.1/../../../../pic32c/lib/v7e-m/fpv4-sp/hard\libc_nano.a(lib_a-impure.o)
                              c:/program files/microchip/xc32/v2.41/bin/bin/../../lib/gcc/pic32c/6.2.1/../../../../pic32c/lib/v7e-m/fpv4-sp/hard\libc_nano.a(lib_a-malloc.o) (_impure_ptr)
c:/program files/microchip/xc32/v2.41/bin/bin/../../lib/gcc/pic32c/6.2.1/../../../../pic32c/lib/v7e-m/fpv4-sp/hard\libc_nano.a(lib_a-mlock.o)
                              c:/program files/microchip/xc32/v2.41/bin/bin/../../lib/gcc/pic32c/6.2.1/../../../../pic32c/lib/v7e-m/fpv4-sp/hard\libc_nano.a(lib_a-nano-freer.o) (__malloc_lock)
[...]
Memory Configuration

Name             Origin             Length             Attributes
rom              0x00000000         0x0000a000         xrl
ram              0x20000010         0x0002fff0         xw !r
config_00804000  0x00804000         0x00000004
config_00804004  0x00804004         0x00000004
config_00804008  0x00804008         0x00000004
*default*        0x00000000         0xffffffff

Linker script and memory map

LOAD c:/program files/microchip/xc32/v2.41/bin/bin/../../lib/gcc/pic32c/6.2.1/v7e-m/fpv4-sp/hard/crti.o
LOAD c:/program files/microchip/xc32/v2.41/bin/bin/../../lib/gcc/pic32c/6.2.1/v7e-m/fpv4-sp/hard/crtbegin.o
LOAD build/default/production/_ext/1593096446/plib_nvmctrl.o
LOAD build/default/production/_ext/308758920/usb_host_msd.o
LOAD build/default/production/_ext/308758920/usb_host_scsi.o
LOAD build/default/production/_ext/1986646378/plib_evsys.o
LOAD build/default/production/_ext/1748409734/bootloader.o
LOAD build/default/production/_ext/1171490990/initialization.o
LOAD build/default/production/_ext/1360937237/main.o
LOAD build/default/production/_ext/1171490990/interrupts.o
LOAD build/default/production/_ext/1171490990/exceptions.o
LOAD build/default/production/_ext/163028504/xc32_monitor.o
LOAD build/default/production/_ext/1865521619/plib_port.o
LOAD build/default/production/_ext/1984496892/plib_clock.o
LOAD build/default/production/_ext/1865468468/plib_nvic.o
LOAD build/default/production/_ext/1865131932/plib_cmcc.o
LOAD build/default/production/_ext/1171490990/startup_xc32.o
LOAD build/default/production/_ext/1171490990/libc_syscalls.o
LOAD build/default/production/_ext/829342655/plib_tc0.o
LOAD build/default/production/_ext/101884895/sys_time.o
LOAD build/default/production/_ext/1171490990/usb_host_init_data.o
LOAD build/default/production/_ext/308758920/usb_host.o
LOAD build/default/production/_ext/1269487135/sys_fs.o
LOAD build/default/production/_ext/1269487135/sys_fs_media_manager.o
LOAD build/default/production/_ext/1269487135/sys_fs_fat_interface.o
LOAD build/default/production/_ext/411819097/ff.o
LOAD build/default/production/_ext/411819097/ffunicode.o
LOAD build/default/production/_ext/565198302/diskio.o
LOAD build/default/production/_ext/818654064/drv_usbfsv1.o
LOAD build/default/production/_ext/818654064/drv_usbfsv1_host.o
LOAD build/default/production/_ext/1881668453/sys_int.o
LOAD build/default/production/_ext/1014039709/sys_cache.o
LOAD build/default/production/_ext/1360937237/app.o
LOAD build/default/production/_ext/1171490990/tasks.o
                0x00000001                __MPLAB_BUILD = 0x1
                0x00000200                _min_heap_size = 0x200
START GROUP
LOAD c:/program files/microchip/xc32/v2.41/bin/bin/../../lib/gcc/pic32c/6.2.1/../../../../pic32c/lib/v7e-m/fpv4-sp/hard\libpic32c.a
LOAD c:/program files/microchip/xc32/v2.41/bin/bin/../../lib/gcc/pic32c/6.2.1/v7e-m/fpv4-sp/hard\libgcc.a
LOAD c:/program files/microchip/xc32/v2.41/bin/bin/../../lib/gcc/pic32c/6.2.1/../../../../pic32c/lib/v7e-m/fpv4-sp/hard\libm_nano.a
LOAD c:/program files/microchip/xc32/v2.41/bin/bin/../../lib/gcc/pic32c/6.2.1/../../../../pic32c/lib/v7e-m/fpv4-sp/hard\libc_nano.a
END GROUP
LOAD c:/program files/microchip/xc32/v2.41/bin/bin/../../lib/gcc/pic32c/6.2.1/v7e-m/fpv4-sp/hard/crtend.o
LOAD c:/program files/microchip/xc32/v2.41/bin/bin/../../lib/gcc/pic32c/6.2.1/v7e-m/fpv4-sp/hard/crtn.o
                0x0000a000                __rom_end = (ORIGIN (rom) + LENGTH (rom))
                0x20030000                __ram_end = (ORIGIN (ram) + LENGTH (ram))

.config_00804000
                0x00804000        0x4
 *(.config_00804000)
 .config_00804000
                0x00804000        0x4 build/default/production/_ext/1171490990/initialization.o

.config_00804004
                0x00804004        0x4
 *(.config_00804004)
 .config_00804004
                0x00804004        0x4 build/default/production/_ext/1171490990/initialization.o

.config_00804008
                0x00804008        0x4
 *(.config_00804008)
 .config_00804008
                0x00804008        0x4 build/default/production/_ext/1171490990/initialization.o

.vectors        0x00000000      0x260
                0x00000000                . = ALIGN (0x4)
                0x00000000                _sfixed = .
 *(.vectors .vectors.* .vectors_default .vectors_default.*)
 .vectors       0x00000000      0x260 build/default/production/_ext/1171490990/interrupts.o
                0x00000000                exception_table
 *(.isr_vector)
 *(.reset*)
 *(.after_vectors)

.text           0x00000260       0x20
                0x00000260                . = ALIGN (0x4)
 *(.glue_7t)
 .glue_7t       0x00000260        0x0 linker stubs
 *(.glue_7)
 .glue_7        0x00000260        0x0 linker stubs
 *(.gnu.linkonce.r.*)
 *(.ARM.extab* .gnu.linkonce.armextab.*)
                0x00000260                . = ALIGN (0x4)
 *(.init)
 .init          0x00000260        0x4 c:/program files/microchip/xc32/v2.41/bin/bin/../../lib/gcc/pic32c/6.2.1/v7e-m/fpv4-sp/hard/crti.o
                0x00000260                _init
 .init          0x00000264        0x8 c:/program files/microchip/xc32/v2.41/bin/bin/../../lib/gcc/pic32c/6.2.1/v7e-m/fpv4-sp/hard/crtn.o
                0x0000026c                . = ALIGN (0x4)
                0x0000026c                __preinit_array_start = .
 *(.preinit_array)
                0x0000026c                __preinit_array_end = .
                0x0000026c                . = ALIGN (0x4)
                0x0000026c                __init_array_start = .
 *(SORT(.init_array.*))
 *(.init_array)
 .init_array    0x0000026c        0x4 c:/program files/microchip/xc32/v2.41/bin/bin/../../lib/gcc/pic32c/6.2.1/v7e-m/fpv4-sp/hard/crtbegin.o
                0x00000270                __init_array_end = .
                0x00000270                . = ALIGN (0x4)
 *crtbegin.o(.ctors)
 *(EXCLUDE_FILE(*crtend.o) .ctors)
 *(SORT(.ctors.*))
 *crtend.o(.ctors)
                0x00000270                . = ALIGN (0x4)
 *(.fini)
 .fini          0x00000270        0x4 c:/program files/microchip/xc32/v2.41/bin/bin/../../lib/gcc/pic32c/6.2.1/v7e-m/fpv4-sp/hard/crti.o
                0x00000270                _fini
 .fini          0x00000274        0x8 c:/program files/microchip/xc32/v2.41/bin/bin/../../lib/gcc/pic32c/6.2.1/v7e-m/fpv4-sp/hard/crtn.o
                0x0000027c                . = ALIGN (0x4)
                0x0000027c                __fini_array_start = .
 *(.fini_array)
 .fini_array    0x0000027c        0x4 c:/program files/microchip/xc32/v2.41/bin/bin/../../lib/gcc/pic32c/6.2.1/v7e-m/fpv4-sp/hard/crtbegin.o
 *(SORT(.fini_array.*))
                0x00000280                __fini_array_end = .
 *crtbegin.o(.dtors)
 *(EXCLUDE_FILE(*crtend.o) .dtors)
 *(SORT(.dtors.*))
 *crtend.o(.dtors)
                0x00000280                . = ALIGN (0x4)
                0x00000280                _efixed = .
                [!provide]                PROVIDE (__exidx_start, .)

.ARM.exidx      0x00000280        0x8
 *(.ARM.exidx* .gnu.linkonce.armexidx.*)
 .ARM.exidx     0x00000280        0x8 c:/program files/microchip/xc32/v2.41/bin/bin/../../lib/gcc/pic32c/6.2.1/v7e-m/fpv4-sp/hard\libgcc.a(_udivmoddi4.o)
                [!provide]                PROVIDE (__exidx_end, .)
                0x00000288                . = ALIGN (0x4)
                0x00000288                _etext = .

.bss            0x20000010      0xcac
                0x20000010                . = ALIGN (0x4)
                0x20000010                __bss_start__ = .
                0x20000010                _sbss = .
                0x20000010                _szero = .
 *(COMMON)
 COMMON         0x20000010       0xa0 build/default/production/_ext/308758920/usb_host_msd.o
                0x20000010                gUSBHostMSDCBW
                0x20000030                gUSBHostMSDInstance
                0x200000a0                gUSBHostMSDCSW
 COMMON         0x200000b0      0x1e0 build/default/production/_ext/308758920/usb_host_scsi.o
                0x200000b0                gUSBHostSCSIObj
                0x20000178                gUSBHostSCSIAttachListener
                0x20000190                gUSBSCSIBuffer
 COMMON         0x20000290      0x200 build/default/production/_ext/1748409734/bootloader.o
                0x20000290                fileBuffer
 COMMON         0x20000490        0xc build/default/production/_ext/1171490990/initialization.o
                0x20000490                sysObj
 COMMON         0x2000049c        0x8 build/default/production/_ext/829342655/plib_tc0.o
                0x2000049c                TC0_CallbackObject
 *fill*         0x200004a4        0xc 
 COMMON         0x200004b0      0x154 build/default/production/_ext/1269487135/sys_fs.o
                0x200004b0                gSysFsMutex
                0x200004c0                gSYSFSFileObj
                0x200005d0                gSYSFSDirObj
                0x200005e0                gSYSFSCurrentMountPoint
                0x200005e8                gSYSFSObj
                0x200005f0                errorValue
                0x200005f4                gSYSFSMountPoint
 *fill*         0x20000604        0xc 
 COMMON         0x20000610      0x24c build/default/production/_ext/1269487135/sys_fs_media_manager.o
                0x20000610                gSYSFSMediaObject
                0x20000638                VolToPart
                0x20000640                gSYSFSMediaBuffer
                0x20000840                gSYSFSVolumeObject
 COMMON         0x2000085c      0x198 build/default/production/_ext/818654064/drv_usbfsv1.o
                0x2000085c                gDrvUSBObj
 COMMON         0x200009f4      0x2c0 build/default/production/_ext/818654064/drv_usbfsv1_host.o
                0x200009f4                pipeDescriptorTable
                0x20000ad4                gDrvUSBHostPipeObj
 COMMON         0x20000cb4        0x1 build/default/production/_ext/1360937237/app.o
                0x20000cb4                appData
 *fill*         0x20000cb5        0x3 
 COMMON         0x20000cb8        0x4 c:/program files/microchip/xc32/v2.41/bin/bin/../../lib/gcc/pic32c/6.2.1/../../../../pic32c/lib/v7e-m/fpv4-sp/hard\libc_nano.a(lib_a-reent.o)
                0x20000cb8                errno
                0x20000cbc                . = ALIGN (0x4)
                0x20000cbc                __bss_end__ = .
                0x20000cbc                _ebss = .
                0x20000cbc                _ezero = .
                0x20000cbc                . = ALIGN (0x4)
                0x20000cbc                _end = .
                0x2002ffff                _ram_end_ = ((ORIGIN (ram) + LENGTH (ram)) - 0x1)
OUTPUT(dist/default/production/Metro_M4_Bootloader.X.production.elf elf32-littlearm)
LOAD stack
LOAD data_init

.ARM.attributes
                0x00000000       0x30
 .ARM.attributes
                0x00000000       0x22 c:/program files/microchip/xc32/v2.41/bin/bin/../../lib/gcc/pic32c/6.2.1/v7e-m/fpv4-sp/hard/crti.o
 .ARM.attributes
                0x00000022       0x34 c:/program files/microchip/xc32/v2.41/bin/bin/../../lib/gcc/pic32c/6.2.1/v7e-m/fpv4-sp/hard/crtbegin.o
 .ARM.attributes
                0x00000056       0x39 build/default/production/_ext/1593096446/plib_nvmctrl.o
 .ARM.attributes
                0x0000008f       0x39 build/default/production/_ext/308758920/usb_host_msd.o
 .ARM.attributes
                0x000000c8       0x39 build/default/production/_ext/308758920/usb_host_scsi.o
 .ARM.attributes
                0x00000101       0x39 build/default/production/_ext/1986646378/plib_evsys.o
 .ARM.attributes
                0x0000013a       0x39 build/default/production/_ext/1748409734/bootloader.o
 .ARM.attributes
                0x00000173       0x39 build/default/production/_ext/1171490990/initialization.o
 .ARM.attributes
                0x000001ac       0x39 build/default/production/_ext/1360937237/main.o
 .ARM.attributes
                0x000001e5       0x39 build/default/production/_ext/1171490990/interrupts.o
 .ARM.attributes
                0x0000021e       0x39 build/default/production/_ext/1171490990/exceptions.o
 .ARM.attributes
                0x00000257       0x39 build/default/production/_ext/1865521619/plib_port.o
 .ARM.attributes
                0x00000290       0x39 build/default/production/_ext/1984496892/plib_clock.o
 .ARM.attributes
                0x000002c9       0x39 build/default/production/_ext/1865468468/plib_nvic.o
 .ARM.attributes
                0x00000302       0x39 build/default/production/_ext/1171490990/startup_xc32.o
 .ARM.attributes
                0x0000033b       0x39 build/default/production/_ext/829342655/plib_tc0.o
 .ARM.attributes
                0x00000374       0x39 build/default/production/_ext/101884895/sys_time.o
 .ARM.attributes
                0x000003ad       0x39 build/default/production/_ext/1171490990/usb_host_init_data.o
 .ARM.attributes
                0x000003e6       0x39 build/default/production/_ext/308758920/usb_host.o
 .ARM.attributes
                0x0000041f       0x39 build/default/production/_ext/1269487135/sys_fs.o
 .ARM.attributes
                0x00000458       0x39 build/default/production/_ext/1269487135/sys_fs_media_manager.o
 .ARM.attributes
                0x00000491       0x39 build/default/production/_ext/1269487135/sys_fs_fat_interface.o
 .ARM.attributes
                0x000004ca       0x39 build/default/production/_ext/411819097/ff.o
 .ARM.attributes
                0x00000503       0x39 build/default/production/_ext/411819097/ffunicode.o
 .ARM.attributes
                0x0000053c       0x39 build/default/production/_ext/565198302/diskio.o
 .ARM.attributes
                0x00000575       0x39 build/default/production/_ext/818654064/drv_usbfsv1.o
 .ARM.attributes
                0x000005ae       0x39 build/default/production/_ext/818654064/drv_usbfsv1_host.o
 .ARM.attributes
                0x000005e7       0x39 build/default/production/_ext/1881668453/sys_int.o
 .ARM.attributes
                0x00000620       0x39 build/default/production/_ext/1360937237/app.o
 .ARM.attributes
                0x00000659       0x39 build/default/production/_ext/1171490990/tasks.o
 .ARM.attributes
                0x00000692       0x34 c:/program files/microchip/xc32/v2.41/bin/bin/../../lib/gcc/pic32c/6.2.1/../../../../pic32c/lib/v7e-m/fpv4-sp/hard\libpic32c.a(data_init.o)
 .ARM.attributes
                0x000006c6       0x22 c:/program files/microchip/xc32/v2.41/bin/bin/../../lib/gcc/pic32c/6.2.1/v7e-m/fpv4-sp/hard\libgcc.a(_aeabi_uldivmod.o)
 .ARM.attributes
                0x000006e8       0x34 c:/program files/microchip/xc32/v2.41/bin/bin/../../lib/gcc/pic32c/6.2.1/v7e-m/fpv4-sp/hard\libgcc.a(_udivmoddi4.o)
 .ARM.attributes
                0x0000071c       0x22 c:/program files/microchip/xc32/v2.41/bin/bin/../../lib/gcc/pic32c/6.2.1/v7e-m/fpv4-sp/hard\libgcc.a(_dvmd_tls.o)
 .ARM.attributes
                0x0000073e       0x34 c:/program files/microchip/xc32/v2.41/bin/bin/../../lib/gcc/pic32c/6.2.1/../../../../pic32c/lib/v7e-m/fpv4-sp/hard\libc_nano.a(lib_a-init.o)
 .ARM.attributes
                0x00000772       0x34 c:/program files/microchip/xc32/v2.41/bin/bin/../../lib/gcc/pic32c/6.2.1/../../../../pic32c/lib/v7e-m/fpv4-sp/hard\libc_nano.a(lib_a-malloc.o)
 .ARM.attributes
                0x000007a6       0x34 c:/program files/microchip/xc32/v2.41/bin/bin/../../lib/gcc/pic32c/6.2.1/../../../../pic32c/lib/v7e-m/fpv4-sp/hard\libc_nano.a(lib_a-memcpy-stub.o)
 .ARM.attributes
                0x000007da       0x34 c:/program files/microchip/xc32/v2.41/bin/bin/../../lib/gcc/pic32c/6.2.1/../../../../pic32c/lib/v7e-m/fpv4-sp/hard\libc_nano.a(lib_a-memset.o)
 .ARM.attributes
                0x0000080e       0x34 c:/program files/microchip/xc32/v2.41/bin/bin/../../lib/gcc/pic32c/6.2.1/../../../../pic32c/lib/v7e-m/fpv4-sp/hard\libc_nano.a(lib_a-nano-freer.o)
 .ARM.attributes
                0x00000842       0x34 c:/program files/microchip/xc32/v2.41/bin/bin/../../lib/gcc/pic32c/6.2.1/../../../../pic32c/lib/v7e-m/fpv4-sp/hard\libc_nano.a(lib_a-nano-mallocr.o)
 .ARM.attributes
                0x00000876       0x34 c:/program files/microchip/xc32/v2.41/bin/bin/../../lib/gcc/pic32c/6.2.1/../../../../pic32c/lib/v7e-m/fpv4-sp/hard\libc_nano.a(lib_a-sbrkr.o)
 .ARM.attributes
                0x000008aa       0x20 c:/program files/microchip/xc32/v2.41/bin/bin/../../lib/gcc/pic32c/6.2.1/../../../../pic32c/lib/v7e-m/fpv4-sp/hard\libc_nano.a(lib_a-strcmp.o)
 .ARM.attributes
                0x000008ca       0x1b c:/program files/microchip/xc32/v2.41/bin/bin/../../lib/gcc/pic32c/6.2.1/../../../../pic32c/lib/v7e-m/fpv4-sp/hard\libc_nano.a(lib_a-strlen.o)
 .ARM.attributes
                0x000008e5       0x34 c:/program files/microchip/xc32/v2.41/bin/bin/../../lib/gcc/pic32c/6.2.1/../../../../pic32c/lib/v7e-m/fpv4-sp/hard\libc_nano.a(lib_a-strncmp.o)
 .ARM.attributes
                0x00000919       0x34 c:/program files/microchip/xc32/v2.41/bin/bin/../../lib/gcc/pic32c/6.2.1/../../../../pic32c/lib/v7e-m/fpv4-sp/hard\libc_nano.a(lib_a-strncpy.o)
 .ARM.attributes
                0x0000094d       0x34 c:/program files/microchip/xc32/v2.41/bin/bin/../../lib/gcc/pic32c/6.2.1/../../../../pic32c/lib/v7e-m/fpv4-sp/hard\libc_nano.a(lib_a-impure.o)
 .ARM.attributes
                0x00000981       0x34 c:/program files/microchip/xc32/v2.41/bin/bin/../../lib/gcc/pic32c/6.2.1/../../../../pic32c/lib/v7e-m/fpv4-sp/hard\libc_nano.a(lib_a-mlock.o)
 .ARM.attributes
                0x000009b5       0x34 c:/program files/microchip/xc32/v2.41/bin/bin/../../lib/gcc/pic32c/6.2.1/../../../../pic32c/lib/v7e-m/fpv4-sp/hard\libc_nano.a(lib_a-reent.o)
 .ARM.attributes
                0x000009e9       0x34 c:/program files/microchip/xc32/v2.41/bin/bin/../../lib/gcc/pic32c/6.2.1/../../../../pic32c/lib/v7e-m/fpv4-sp/hard\libpic32c.a(sbrk.o)
 .ARM.attributes
                0x00000a1d       0x22 c:/program files/microchip/xc32/v2.41/bin/bin/../../lib/gcc/pic32c/6.2.1/v7e-m/fpv4-sp/hard/crtn.o

.comment        0x00000000       0x3c
 .comment       0x00000000       0x3c c:/program files/microchip/xc32/v2.41/bin/bin/../../lib/gcc/pic32c/6.2.1/v7e-m/fpv4-sp/hard/crtbegin.o
                                 0x3d (size before relaxing)
 .comment       0x0000003c       0x3d build/default/production/_ext/1593096446/plib_nvmctrl.o
 .comment       0x0000003c       0x3d build/default/production/_ext/308758920/usb_host_msd.o
 .comment       0x0000003c       0x3d build/default/production/_ext/308758920/usb_host_scsi.o
 .comment       0x0000003c       0x3d build/default/production/_ext/1986646378/plib_evsys.o
 .comment       0x0000003c       0x3d build/default/production/_ext/1748409734/bootloader.o
 .comment       0x0000003c       0x3d build/default/production/_ext/1171490990/initialization.o
 .comment       0x0000003c       0x3d build/default/production/_ext/1360937237/main.o
 .comment       0x0000003c       0x3d build/default/production/_ext/1171490990/interrupts.o
 .comment       0x0000003c       0x3d build/default/production/_ext/1171490990/exceptions.o
 .comment       0x0000003c       0x3d build/default/production/_ext/1865521619/plib_port.o
 .comment       0x0000003c       0x3d build/default/production/_ext/1984496892/plib_clock.o
 .comment       0x0000003c       0x3d build/default/production/_ext/1865468468/plib_nvic.o
 .comment       0x0000003c       0x3d build/default/production/_ext/1171490990/startup_xc32.o
 .comment       0x0000003c       0x3d build/default/production/_ext/829342655/plib_tc0.o
 .comment       0x0000003c       0x3d build/default/production/_ext/101884895/sys_time.o
 .comment       0x0000003c       0x3d build/default/production/_ext/1171490990/usb_host_init_data.o
 .comment       0x0000003c       0x3d build/default/production/_ext/308758920/usb_host.o
 .comment       0x0000003c       0x3d build/default/production/_ext/1269487135/sys_fs.o
 .comment       0x0000003c       0x3d build/default/production/_ext/1269487135/sys_fs_media_manager.o
 .comment       0x0000003c       0x3d build/default/production/_ext/1269487135/sys_fs_fat_interface.o
 .comment       0x0000003c       0x3d build/default/production/_ext/411819097/ff.o
 .comment       0x0000003c       0x3d build/default/production/_ext/411819097/ffunicode.o
 .comment       0x0000003c       0x3d build/default/production/_ext/565198302/diskio.o
 .comment       0x0000003c       0x3d build/default/production/_ext/818654064/drv_usbfsv1.o
 .comment       0x0000003c       0x3d build/default/production/_ext/818654064/drv_usbfsv1_host.o
 .comment       0x0000003c       0x3d build/default/production/_ext/1881668453/sys_int.o
 .comment       0x0000003c       0x3d build/default/production/_ext/1360937237/app.o
 .comment       0x0000003c       0x3d build/default/production/_ext/1171490990/tasks.o
 .comment       0x0000003c       0x3d c:/program files/microchip/xc32/v2.41/bin/bin/../../lib/gcc/pic32c/6.2.1/../../../../pic32c/lib/v7e-m/fpv4-sp/hard\libpic32c.a(data_init.o)
 .comment       0x0000003c       0x3d c:/program files/microchip/xc32/v2.41/bin/bin/../../lib/gcc/pic32c/6.2.1/v7e-m/fpv4-sp/hard\libgcc.a(_udivmoddi4.o)
 .comment       0x0000003c       0x3d c:/program files/microchip/xc32/v2.41/bin/bin/../../lib/gcc/pic32c/6.2.1/../../../../pic32c/lib/v7e-m/fpv4-sp/hard\libc_nano.a(lib_a-init.o)
 .comment       0x0000003c       0x3d c:/program files/microchip/xc32/v2.41/bin/bin/../../lib/gcc/pic32c/6.2.1/../../../../pic32c/lib/v7e-m/fpv4-sp/hard\libc_nano.a(lib_a-malloc.o)
 .comment       0x0000003c       0x3d c:/program files/microchip/xc32/v2.41/bin/bin/../../lib/gcc/pic32c/6.2.1/../../../../pic32c/lib/v7e-m/fpv4-sp/hard\libc_nano.a(lib_a-memcpy-stub.o)
 .comment       0x0000003c       0x3d c:/program files/microchip/xc32/v2.41/bin/bin/../../lib/gcc/pic32c/6.2.1/../../../../pic32c/lib/v7e-m/fpv4-sp/hard\libc_nano.a(lib_a-memset.o)
 .comment       0x0000003c       0x3d c:/program files/microchip/xc32/v2.41/bin/bin/../../lib/gcc/pic32c/6.2.1/../../../../pic32c/lib/v7e-m/fpv4-sp/hard\libc_nano.a(lib_a-nano-freer.o)
 .comment       0x0000003c       0x3d c:/program files/microchip/xc32/v2.41/bin/bin/../../lib/gcc/pic32c/6.2.1/../../../../pic32c/lib/v7e-m/fpv4-sp/hard\libc_nano.a(lib_a-nano-mallocr.o)
 .comment       0x0000003c       0x3d c:/program files/microchip/xc32/v2.41/bin/bin/../../lib/gcc/pic32c/6.2.1/../../../../pic32c/lib/v7e-m/fpv4-sp/hard\libc_nano.a(lib_a-sbrkr.o)
 .comment       0x0000003c       0x3d c:/program files/microchip/xc32/v2.41/bin/bin/../../lib/gcc/pic32c/6.2.1/../../../../pic32c/lib/v7e-m/fpv4-sp/hard\libc_nano.a(lib_a-strncmp.o)
 .comment       0x0000003c       0x3d c:/program files/microchip/xc32/v2.41/bin/bin/../../lib/gcc/pic32c/6.2.1/../../../../pic32c/lib/v7e-m/fpv4-sp/hard\libc_nano.a(lib_a-strncpy.o)
 .comment       0x0000003c       0x3d c:/program files/microchip/xc32/v2.41/bin/bin/../../lib/gcc/pic32c/6.2.1/../../../../pic32c/lib/v7e-m/fpv4-sp/hard\libc_nano.a(lib_a-impure.o)
 .comment       0x0000003c       0x3d c:/program files/microchip/xc32/v2.41/bin/bin/../../lib/gcc/pic32c/6.2.1/../../../../pic32c/lib/v7e-m/fpv4-sp/hard\libc_nano.a(lib_a-mlock.o)
 .comment       0x0000003c       0x3d c:/program files/microchip/xc32/v2.41/bin/bin/../../lib/gcc/pic32c/6.2.1/../../../../pic32c/lib/v7e-m/fpv4-sp/hard\libc_nano.a(lib_a-reent.o)
 .comment       0x0000003c       0x3d c:/program files/microchip/xc32/v2.41/bin/bin/../../lib/gcc/pic32c/6.2.1/../../../../pic32c/lib/v7e-m/fpv4-sp/hard\libpic32c.a(sbrk.o)

.debug_info     0x00000000    0x62ca5
 .debug_info    0x00000000     0x1757 build/default/production/_ext/1593096446/plib_nvmctrl.o
 .debug_info    0x00001757     0x4244 build/default/production/_ext/308758920/usb_host_msd.o
 .debug_info    0x0000599b     0x468f build/default/production/_ext/308758920/usb_host_scsi.o
 .debug_info    0x0000a02a      0x381 build/default/production/_ext/1986646378/plib_evsys.o
 .debug_info    0x0000a3ab     0x1d7d build/default/production/_ext/1748409734/bootloader.o
 .debug_info    0x0000c128     0x569e build/default/production/_ext/1171490990/initialization.o
 .debug_info    0x000117c6     0x31bf build/default/production/_ext/1360937237/main.o
 .debug_info    0x00014985     0x4719 build/default/production/_ext/1171490990/interrupts.o
 .debug_info    0x0001909e     0x325f build/default/production/_ext/1171490990/exceptions.o
 .debug_info    0x0001c2fd      0x826 build/default/production/_ext/1865521619/plib_port.o
 .debug_info    0x0001cb23      0xba2 build/default/production/_ext/1984496892/plib_clock.o
 .debug_info    0x0001d6c5     0x125f build/default/production/_ext/1865468468/plib_nvic.o
 .debug_info    0x0001e924     0x370d build/default/production/_ext/1171490990/startup_xc32.o
 .debug_info    0x00022031      0xc80 build/default/production/_ext/829342655/plib_tc0.o
 .debug_info    0x00022cb1     0x39cc build/default/production/_ext/101884895/sys_time.o
 .debug_info    0x0002667d     0x352a build/default/production/_ext/1171490990/usb_host_init_data.o
 .debug_info    0x00029ba7     0x8613 build/default/production/_ext/308758920/usb_host.o
 .debug_info    0x000321ba     0x42e5 build/default/production/_ext/1269487135/sys_fs.o
 .debug_info    0x0003649f     0x3072 build/default/production/_ext/1269487135/sys_fs_media_manager.o
 .debug_info    0x00039511     0x15cb build/default/production/_ext/1269487135/sys_fs_fat_interface.o
 .debug_info    0x0003aadc     0x2abc build/default/production/_ext/411819097/ff.o
 .debug_info    0x0003d598      0x606 build/default/production/_ext/411819097/ffunicode.o
 .debug_info    0x0003db9e     0x1ac3 build/default/production/_ext/565198302/diskio.o
 .debug_info    0x0003f661     0x6650 build/default/production/_ext/818654064/drv_usbfsv1.o
 .debug_info    0x00045cb1     0x7f56 build/default/production/_ext/818654064/drv_usbfsv1_host.o
 .debug_info    0x0004dc07     0x114b build/default/production/_ext/1881668453/sys_int.o
 .debug_info    0x0004ed52     0x3b07 build/default/production/_ext/1360937237/app.o
 .debug_info    0x00052859     0x320b build/default/production/_ext/1171490990/tasks.o
 .debug_info    0x00055a64      0x2a2 c:/program files/microchip/xc32/v2.41/bin/bin/../../lib/gcc/pic32c/6.2.1/../../../../pic32c/lib/v7e-m/fpv4-sp/hard\libpic32c.a(data_init.o)
 .debug_info    0x00055d06       0xfd c:/program files/microchip/xc32/v2.41/bin/bin/../../lib/gcc/pic32c/6.2.1/v7e-m/fpv4-sp/hard\libgcc.a(_aeabi_uldivmod.o)
 .debug_info    0x00055e03     0x1696 c:/program files/microchip/xc32/v2.41/bin/bin/../../lib/gcc/pic32c/6.2.1/v7e-m/fpv4-sp/hard\libgcc.a(_udivmoddi4.o)
 .debug_info    0x00057499      0x101 c:/program files/microchip/xc32/v2.41/bin/bin/../../lib/gcc/pic32c/6.2.1/v7e-m/fpv4-sp/hard\libgcc.a(_dvmd_tls.o)
 .debug_info    0x0005759a      0x41f c:/program files/microchip/xc32/v2.41/bin/bin/../../lib/gcc/pic32c/6.2.1/../../../../pic32c/lib/v7e-m/fpv4-sp/hard\libc_nano.a(lib_a-init.o)
 .debug_info    0x000579b9      0xe92 c:/program files/microchip/xc32/v2.41/bin/bin/../../lib/gcc/pic32c/6.2.1/../../../../pic32c/lib/v7e-m/fpv4-sp/hard\libc_nano.a(lib_a-malloc.o)
 .debug_info    0x0005884b      0xe68 c:/program files/microchip/xc32/v2.41/bin/bin/../../lib/gcc/pic32c/6.2.1/../../../../pic32c/lib/v7e-m/fpv4-sp/hard\libc_nano.a(lib_a-memcpy-stub.o)
 .debug_info    0x000596b3     0x15ae c:/program files/microchip/xc32/v2.41/bin/bin/../../lib/gcc/pic32c/6.2.1/../../../../pic32c/lib/v7e-m/fpv4-sp/hard\libc_nano.a(lib_a-memset.o)
 .debug_info    0x0005ac61     0x11c1 c:/program files/microchip/xc32/v2.41/bin/bin/../../lib/gcc/pic32c/6.2.1/../../../../pic32c/lib/v7e-m/fpv4-sp/hard\libc_nano.a(lib_a-nano-freer.o)
 .debug_info    0x0005be22     0x1259 c:/program files/microchip/xc32/v2.41/bin/bin/../../lib/gcc/pic32c/6.2.1/../../../../pic32c/lib/v7e-m/fpv4-sp/hard\libc_nano.a(lib_a-nano-mallocr.o)
 .debug_info    0x0005d07b      0xedf c:/program files/microchip/xc32/v2.41/bin/bin/../../lib/gcc/pic32c/6.2.1/../../../../pic32c/lib/v7e-m/fpv4-sp/hard\libc_nano.a(lib_a-sbrkr.o)
 .debug_info    0x0005df5a      0x129 c:/program files/microchip/xc32/v2.41/bin/bin/../../lib/gcc/pic32c/6.2.1/../../../../pic32c/lib/v7e-m/fpv4-sp/hard\libc_nano.a(lib_a-strcmp.o)
 .debug_info    0x0005e083      0x12a c:/program files/microchip/xc32/v2.41/bin/bin/../../lib/gcc/pic32c/6.2.1/../../../../pic32c/lib/v7e-m/fpv4-sp/hard\libc_nano.a(lib_a-strlen.o)
 .debug_info    0x0005e1ad      0xe24 c:/program files/microchip/xc32/v2.41/bin/bin/../../lib/gcc/pic32c/6.2.1/../../../../pic32c/lib/v7e-m/fpv4-sp/hard\libc_nano.a(lib_a-strncmp.o)
 .debug_info    0x0005efd1      0xe4c c:/program files/microchip/xc32/v2.41/bin/bin/../../lib/gcc/pic32c/6.2.1/../../../../pic32c/lib/v7e-m/fpv4-sp/hard\libc_nano.a(lib_a-strncpy.o)
 .debug_info    0x0005fe1d      0xdef c:/program files/microchip/xc32/v2.41/bin/bin/../../lib/gcc/pic32c/6.2.1/../../../../pic32c/lib/v7e-m/fpv4-sp/hard\libc_nano.a(lib_a-impure.o)
 .debug_info    0x00060c0c      0xe2c c:/program files/microchip/xc32/v2.41/bin/bin/../../lib/gcc/pic32c/6.2.1/../../../../pic32c/lib/v7e-m/fpv4-sp/hard\libc_nano.a(lib_a-mlock.o)
 .debug_info    0x00061a38      0xfe7 c:/program files/microchip/xc32/v2.41/bin/bin/../../lib/gcc/pic32c/6.2.1/../../../../pic32c/lib/v7e-m/fpv4-sp/hard\libc_nano.a(lib_a-reent.o)
 .debug_info    0x00062a1f      0x286 c:/program files/microchip/xc32/v2.41/bin/bin/../../lib/gcc/pic32c/6.2.1/../../../../pic32c/lib/v7e-m/fpv4-sp/hard\libpic32c.a(sbrk.o)

.debug_abbrev   0x00000000     0x65c1
 .debug_abbrev  0x00000000      0x2ba build/default/production/_ext/1593096446/plib_nvmctrl.o
 .debug_abbrev  0x000002ba      0x4f1 build/default/production/_ext/308758920/usb_host_msd.o
 .debug_abbrev  0x000007ab      0x39b build/default/production/_ext/308758920/usb_host_scsi.o
 .debug_abbrev  0x00000b46       0x5e build/default/production/_ext/1986646378/plib_evsys.o
 .debug_abbrev  0x00000ba4      0x366 build/default/production/_ext/1748409734/bootloader.o
 .debug_abbrev  0x00000f0a      0x2c1 build/default/production/_ext/1171490990/initialization.o
 .debug_abbrev  0x000011cb      0x23a build/default/production/_ext/1360937237/main.o
 .debug_abbrev  0x00001405      0x211 build/default/production/_ext/1171490990/interrupts.o
 .debug_abbrev  0x00001616      0x200 build/default/production/_ext/1171490990/exceptions.o
 .debug_abbrev  0x00001816      0x160 build/default/production/_ext/1865521619/plib_port.o
 .debug_abbrev  0x00001976      0x114 build/default/production/_ext/1984496892/plib_clock.o
 .debug_abbrev  0x00001a8a      0x186 build/default/production/_ext/1865468468/plib_nvic.o
 .debug_abbrev  0x00001c10      0x2d3 build/default/production/_ext/1171490990/startup_xc32.o
 .debug_abbrev  0x00001ee3      0x1c3 build/default/production/_ext/829342655/plib_tc0.o
 .debug_abbrev  0x000020a6      0x5c4 build/default/production/_ext/101884895/sys_time.o
 .debug_abbrev  0x0000266a      0x200 build/default/production/_ext/1171490990/usb_host_init_data.o
 .debug_abbrev  0x0000286a      0x5a7 build/default/production/_ext/308758920/usb_host.o
 .debug_abbrev  0x00002e11      0x4ad build/default/production/_ext/1269487135/sys_fs.o
 .debug_abbrev  0x000032be      0x4f3 build/default/production/_ext/1269487135/sys_fs_media_manager.o
 .debug_abbrev  0x000037b1      0x21f build/default/production/_ext/1269487135/sys_fs_fat_interface.o
 .debug_abbrev  0x000039d0      0x2d8 build/default/production/_ext/411819097/ff.o
 .debug_abbrev  0x00003ca8      0x128 build/default/production/_ext/411819097/ffunicode.o
 .debug_abbrev  0x00003dd0      0x341 build/default/production/_ext/565198302/diskio.o
 .debug_abbrev  0x00004111      0x432 build/default/production/_ext/818654064/drv_usbfsv1.o
 .debug_abbrev  0x00004543      0x49d build/default/production/_ext/818654064/drv_usbfsv1_host.o
 .debug_abbrev  0x000049e0      0x200 build/default/production/_ext/1881668453/sys_int.o
 .debug_abbrev  0x00004be0      0x2c0 build/default/production/_ext/1360937237/app.o
 .debug_abbrev  0x00004ea0      0x231 build/default/production/_ext/1171490990/tasks.o
 .debug_abbrev  0x000050d1       0x2a c:/program files/microchip/xc32/v2.41/bin/bin/../../lib/gcc/pic32c/6.2.1/../../../../pic32c/lib/v7e-m/fpv4-sp/hard\libpic32c.a(data_init.o)
 .debug_abbrev  0x000050fb       0x14 c:/program files/microchip/xc32/v2.41/bin/bin/../../lib/gcc/pic32c/6.2.1/v7e-m/fpv4-sp/hard\libgcc.a(_aeabi_uldivmod.o)
 .debug_abbrev  0x0000510f      0x163 c:/program files/microchip/xc32/v2.41/bin/bin/../../lib/gcc/pic32c/6.2.1/v7e-m/fpv4-sp/hard\libgcc.a(_udivmoddi4.o)
 .debug_abbrev  0x00005272       0x14 c:/program files/microchip/xc32/v2.41/bin/bin/../../lib/gcc/pic32c/6.2.1/v7e-m/fpv4-sp/hard\libgcc.a(_dvmd_tls.o)
 .debug_abbrev  0x00005286       0xa3 c:/program files/microchip/xc32/v2.41/bin/bin/../../lib/gcc/pic32c/6.2.1/../../../../pic32c/lib/v7e-m/fpv4-sp/hard\libc_nano.a(lib_a-init.o)
 .debug_abbrev  0x00005329      0x1b3 c:/program files/microchip/xc32/v2.41/bin/bin/../../lib/gcc/pic32c/6.2.1/../../../../pic32c/lib/v7e-m/fpv4-sp/hard\libc_nano.a(lib_a-malloc.o)
 .debug_abbrev  0x000054dc      0x17c c:/program files/microchip/xc32/v2.41/bin/bin/../../lib/gcc/pic32c/6.2.1/../../../../pic32c/lib/v7e-m/fpv4-sp/hard\libc_nano.a(lib_a-memcpy-stub.o)
 .debug_abbrev  0x00005658      0x170 c:/program files/microchip/xc32/v2.41/bin/bin/../../lib/gcc/pic32c/6.2.1/../../../../pic32c/lib/v7e-m/fpv4-sp/hard\libc_nano.a(lib_a-memset.o)
 .debug_abbrev  0x000057c8      0x242 c:/program files/microchip/xc32/v2.41/bin/bin/../../lib/gcc/pic32c/6.2.1/../../../../pic32c/lib/v7e-m/fpv4-sp/hard\libc_nano.a(lib_a-nano-freer.o)
 .debug_abbrev  0x00005a0a      0x281 c:/program files/microchip/xc32/v2.41/bin/bin/../../lib/gcc/pic32c/6.2.1/../../../../pic32c/lib/v7e-m/fpv4-sp/hard\libc_nano.a(lib_a-nano-mallocr.o)
 .debug_abbrev  0x00005c8b      0x1a8 c:/program files/microchip/xc32/v2.41/bin/bin/../../lib/gcc/pic32c/6.2.1/../../../../pic32c/lib/v7e-m/fpv4-sp/hard\libc_nano.a(lib_a-sbrkr.o)
 .debug_abbrev  0x00005e33       0x14 c:/program files/microchip/xc32/v2.41/bin/bin/../../lib/gcc/pic32c/6.2.1/../../../../pic32c/lib/v7e-m/fpv4-sp/hard\libc_nano.a(lib_a-strcmp.o)
 .debug_abbrev  0x00005e47       0x14 c:/program files/microchip/xc32/v2.41/bin/bin/../../lib/gcc/pic32c/6.2.1/../../../../pic32c/lib/v7e-m/fpv4-sp/hard\libc_nano.a(lib_a-strlen.o)
 .debug_abbrev  0x00005e5b      0x148 c:/program files/microchip/xc32/v2.41/bin/bin/../../lib/gcc/pic32c/6.2.1/../../../../pic32c/lib/v7e-m/fpv4-sp/hard\libc_nano.a(lib_a-strncmp.o)
 .debug_abbrev  0x00005fa3      0x166 c:/program files/microchip/xc32/v2.41/bin/bin/../../lib/gcc/pic32c/6.2.1/../../../../pic32c/lib/v7e-m/fpv4-sp/hard\libc_nano.a(lib_a-strncpy.o)
 .debug_abbrev  0x00006109      0x131 c:/program files/microchip/xc32/v2.41/bin/bin/../../lib/gcc/pic32c/6.2.1/../../../../pic32c/lib/v7e-m/fpv4-sp/hard\libc_nano.a(lib_a-impure.o)
 .debug_abbrev  0x0000623a      0x165 c:/program files/microchip/xc32/v2.41/bin/bin/../../lib/gcc/pic32c/6.2.1/../../../../pic32c/lib/v7e-m/fpv4-sp/hard\libc_nano.a(lib_a-mlock.o)
 .debug_abbrev  0x0000639f      0x1f8 c:/program files/microchip/xc32/v2.41/bin/bin/../../lib/gcc/pic32c/6.2.1/../../../../pic32c/lib/v7e-m/fpv4-sp/hard\libc_nano.a(lib_a-reent.o)
 .debug_abbrev  0x00006597       0x2a c:/program files/microchip/xc32/v2.41/bin/bin/../../lib/gcc/pic32c/6.2.1/../../../../pic32c/lib/v7e-m/fpv4-sp/hard\libpic32c.a(sbrk.o)

.debug_loc      0x00000000    0x1a949
 .debug_loc     0x00000000      0x42c build/default/production/_ext/1593096446/plib_nvmctrl.o
 .debug_loc     0x0000042c     0x1641 build/default/production/_ext/308758920/usb_host_msd.o
 .debug_loc     0x00001a6d     0x186b build/default/production/_ext/308758920/usb_host_scsi.o
 .debug_loc     0x000032d8      0x15e build/default/production/_ext/1748409734/bootloader.o
 .debug_loc     0x00003436       0x41 build/default/production/_ext/1171490990/initialization.o
 .debug_loc     0x00003477       0x20 build/default/production/_ext/1360937237/main.o
 .debug_loc     0x00003497       0x63 build/default/production/_ext/1865521619/plib_port.o
 .debug_loc     0x000034fa      0x173 build/default/production/_ext/1865468468/plib_nvic.o
 .debug_loc     0x0000366d       0x34 build/default/production/_ext/1171490990/startup_xc32.o
 .debug_loc     0x000036a1       0x38 build/default/production/_ext/829342655/plib_tc0.o
 .debug_loc     0x000036d9     0x204d build/default/production/_ext/101884895/sys_time.o
 .debug_loc     0x00005726     0x6304 build/default/production/_ext/308758920/usb_host.o
 .debug_loc     0x0000ba2a     0x3565 build/default/production/_ext/1269487135/sys_fs.o
 .debug_loc     0x0000ef8f     0x14e0 build/default/production/_ext/1269487135/sys_fs_media_manager.o
 .debug_loc     0x0001046f      0xbb0 build/default/production/_ext/1269487135/sys_fs_fat_interface.o
 .debug_loc     0x0001101f     0x3385 build/default/production/_ext/411819097/ff.o
 .debug_loc     0x000143a4      0x4b5 build/default/production/_ext/411819097/ffunicode.o
 .debug_loc     0x00014859      0x5a2 build/default/production/_ext/565198302/diskio.o
 .debug_loc     0x00014dfb      0x85b build/default/production/_ext/818654064/drv_usbfsv1.o
 .debug_loc     0x00015656     0x3b25 build/default/production/_ext/818654064/drv_usbfsv1_host.o
 .debug_loc     0x0001917b       0xe9 build/default/production/_ext/1881668453/sys_int.o
 .debug_loc     0x00019264       0x7b build/default/production/_ext/1360937237/app.o
 .debug_loc     0x000192df       0x20 build/default/production/_ext/1171490990/tasks.o
 .debug_loc     0x000192ff      0xc35 c:/program files/microchip/xc32/v2.41/bin/bin/../../lib/gcc/pic32c/6.2.1/v7e-m/fpv4-sp/hard\libgcc.a(_udivmoddi4.o)
 .debug_loc     0x00019f34       0x74 c:/program files/microchip/xc32/v2.41/bin/bin/../../lib/gcc/pic32c/6.2.1/../../../../pic32c/lib/v7e-m/fpv4-sp/hard\libc_nano.a(lib_a-init.o)
 .debug_loc     0x00019fa8       0x58 c:/program files/microchip/xc32/v2.41/bin/bin/../../lib/gcc/pic32c/6.2.1/../../../../pic32c/lib/v7e-m/fpv4-sp/hard\libc_nano.a(lib_a-malloc.o)
 .debug_loc     0x0001a000       0xb2 c:/program files/microchip/xc32/v2.41/bin/bin/../../lib/gcc/pic32c/6.2.1/../../../../pic32c/lib/v7e-m/fpv4-sp/hard\libc_nano.a(lib_a-memcpy-stub.o)
 .debug_loc     0x0001a0b2       0x4c c:/program files/microchip/xc32/v2.41/bin/bin/../../lib/gcc/pic32c/6.2.1/../../../../pic32c/lib/v7e-m/fpv4-sp/hard\libc_nano.a(lib_a-memset.o)
 .debug_loc     0x0001a0fe      0x141 c:/program files/microchip/xc32/v2.41/bin/bin/../../lib/gcc/pic32c/6.2.1/../../../../pic32c/lib/v7e-m/fpv4-sp/hard\libc_nano.a(lib_a-nano-freer.o)
 .debug_loc     0x0001a23f      0x326 c:/program files/microchip/xc32/v2.41/bin/bin/../../lib/gcc/pic32c/6.2.1/../../../../pic32c/lib/v7e-m/fpv4-sp/hard\libc_nano.a(lib_a-nano-mallocr.o)
 .debug_loc     0x0001a565       0x6d c:/program files/microchip/xc32/v2.41/bin/bin/../../lib/gcc/pic32c/6.2.1/../../../../pic32c/lib/v7e-m/fpv4-sp/hard\libc_nano.a(lib_a-sbrkr.o)
 .debug_loc     0x0001a5d2      0x103 c:/program files/microchip/xc32/v2.41/bin/bin/../../lib/gcc/pic32c/6.2.1/../../../../pic32c/lib/v7e-m/fpv4-sp/hard\libc_nano.a(lib_a-strncmp.o)
 .debug_loc     0x0001a6d5      0x116 c:/program files/microchip/xc32/v2.41/bin/bin/../../lib/gcc/pic32c/6.2.1/../../../../pic32c/lib/v7e-m/fpv4-sp/hard\libc_nano.a(lib_a-strncpy.o)
 .debug_loc     0x0001a7eb      0x15e c:/program files/microchip/xc32/v2.41/bin/bin/../../lib/gcc/pic32c/6.2.1/../../../../pic32c/lib/v7e-m/fpv4-sp/hard\libc_nano.a(lib_a-reent.o)

.debug_aranges  0x00000000     0x1050
 .debug_aranges
                0x00000000       0xb0 build/default/production/_ext/1593096446/plib_nvmctrl.o
 .debug_aranges
                0x000000b0       0x98 build/default/production/_ext/308758920/usb_host_msd.o
 .debug_aranges
                0x00000148       0xe0 build/default/production/_ext/308758920/usb_host_scsi.o
 .debug_aranges
                0x00000228       0x20 build/default/production/_ext/1986646378/plib_evsys.o
 .debug_aranges
                0x00000248       0x50 build/default/production/_ext/1748409734/bootloader.o
 .debug_aranges
                0x00000298       0x20 build/default/production/_ext/1171490990/initialization.o
 .debug_aranges
                0x000002b8       0x20 build/default/production/_ext/1360937237/main.o
 .debug_aranges
                0x000002d8       0x20 build/default/production/_ext/1171490990/interrupts.o
 .debug_aranges
                0x000002f8       0x48 build/default/production/_ext/1171490990/exceptions.o
 .debug_aranges
                0x00000340       0x60 build/default/production/_ext/1865521619/plib_port.o
 .debug_aranges
                0x000003a0       0x20 build/default/production/_ext/1984496892/plib_clock.o
 .debug_aranges
                0x000003c0       0x20 build/default/production/_ext/1865468468/plib_nvic.o
 .debug_aranges
                0x000003e0       0x20 build/default/production/_ext/1171490990/startup_xc32.o
 .debug_aranges
                0x00000400       0x70 build/default/production/_ext/829342655/plib_tc0.o
 .debug_aranges
                0x00000470      0x130 build/default/production/_ext/101884895/sys_time.o
 .debug_aranges
                0x000005a0       0x18 build/default/production/_ext/1171490990/usb_host_init_data.o
 .debug_aranges
                0x000005b8      0x1e0 build/default/production/_ext/308758920/usb_host.o
 .debug_aranges
                0x00000798      0x178 build/default/production/_ext/1269487135/sys_fs.o
 .debug_aranges
                0x00000910       0xa0 build/default/production/_ext/1269487135/sys_fs_media_manager.o
 .debug_aranges
                0x000009b0       0x90 build/default/production/_ext/1269487135/sys_fs_fat_interface.o
 .debug_aranges
                0x00000a40      0x100 build/default/production/_ext/411819097/ff.o
 .debug_aranges
                0x00000b40       0x30 build/default/production/_ext/411819097/ffunicode.o
 .debug_aranges
                0x00000b70       0x58 build/default/production/_ext/565198302/diskio.o
 .debug_aranges
                0x00000bc8       0x80 build/default/production/_ext/818654064/drv_usbfsv1.o
 .debug_aranges
                0x00000c48      0x110 build/default/production/_ext/818654064/drv_usbfsv1_host.o
 .debug_aranges
                0x00000d58       0x40 build/default/production/_ext/1881668453/sys_int.o
 .debug_aranges
                0x00000d98       0x30 build/default/production/_ext/1360937237/app.o
 .debug_aranges
                0x00000dc8       0x20 build/default/production/_ext/1171490990/tasks.o
 .debug_aranges
                0x00000de8       0x20 c:/program files/microchip/xc32/v2.41/bin/bin/../../lib/gcc/pic32c/6.2.1/../../../../pic32c/lib/v7e-m/fpv4-sp/hard\libpic32c.a(data_init.o)
 .debug_aranges
                0x00000e08       0x20 c:/program files/microchip/xc32/v2.41/bin/bin/../../lib/gcc/pic32c/6.2.1/v7e-m/fpv4-sp/hard\libgcc.a(_aeabi_uldivmod.o)
 .debug_aranges
                0x00000e28       0x20 c:/program files/microchip/xc32/v2.41/bin/bin/../../lib/gcc/pic32c/6.2.1/v7e-m/fpv4-sp/hard\libgcc.a(_udivmoddi4.o)
 .debug_aranges
                0x00000e48       0x20 c:/program files/microchip/xc32/v2.41/bin/bin/../../lib/gcc/pic32c/6.2.1/v7e-m/fpv4-sp/hard\libgcc.a(_dvmd_tls.o)
 .debug_aranges
                0x00000e68       0x20 c:/program files/microchip/xc32/v2.41/bin/bin/../../lib/gcc/pic32c/6.2.1/../../../../pic32c/lib/v7e-m/fpv4-sp/hard\libc_nano.a(lib_a-init.o)
 .debug_aranges
                0x00000e88       0x28 c:/program files/microchip/xc32/v2.41/bin/bin/../../lib/gcc/pic32c/6.2.1/../../../../pic32c/lib/v7e-m/fpv4-sp/hard\libc_nano.a(lib_a-malloc.o)
 .debug_aranges
                0x00000eb0       0x20 c:/program files/microchip/xc32/v2.41/bin/bin/../../lib/gcc/pic32c/6.2.1/../../../../pic32c/lib/v7e-m/fpv4-sp/hard\libc_nano.a(lib_a-memcpy-stub.o)
 .debug_aranges
                0x00000ed0       0x20 c:/program files/microchip/xc32/v2.41/bin/bin/../../lib/gcc/pic32c/6.2.1/../../../../pic32c/lib/v7e-m/fpv4-sp/hard\libc_nano.a(lib_a-memset.o)
 .debug_aranges
                0x00000ef0       0x20 c:/program files/microchip/xc32/v2.41/bin/bin/../../lib/gcc/pic32c/6.2.1/../../../../pic32c/lib/v7e-m/fpv4-sp/hard\libc_nano.a(lib_a-nano-freer.o)
 .debug_aranges
                0x00000f10       0x20 c:/program files/microchip/xc32/v2.41/bin/bin/../../lib/gcc/pic32c/6.2.1/../../../../pic32c/lib/v7e-m/fpv4-sp/hard\libc_nano.a(lib_a-nano-mallocr.o)
 .debug_aranges
                0x00000f30       0x20 c:/program files/microchip/xc32/v2.41/bin/bin/../../lib/gcc/pic32c/6.2.1/../../../../pic32c/lib/v7e-m/fpv4-sp/hard\libc_nano.a(lib_a-sbrkr.o)
 .debug_aranges
                0x00000f50       0x20 c:/program files/microchip/xc32/v2.41/bin/bin/../../lib/gcc/pic32c/6.2.1/../../../../pic32c/lib/v7e-m/fpv4-sp/hard\libc_nano.a(lib_a-strcmp.o)
 .debug_aranges
                0x00000f70       0x20 c:/program files/microchip/xc32/v2.41/bin/bin/../../lib/gcc/pic32c/6.2.1/../../../../pic32c/lib/v7e-m/fpv4-sp/hard\libc_nano.a(lib_a-strlen.o)
 .debug_aranges
                0x00000f90       0x20 c:/program files/microchip/xc32/v2.41/bin/bin/../../lib/gcc/pic32c/6.2.1/../../../../pic32c/lib/v7e-m/fpv4-sp/hard\libc_nano.a(lib_a-strncmp.o)
 .debug_aranges
                0x00000fb0       0x20 c:/program files/microchip/xc32/v2.41/bin/bin/../../lib/gcc/pic32c/6.2.1/../../../../pic32c/lib/v7e-m/fpv4-sp/hard\libc_nano.a(lib_a-strncpy.o)
 .debug_aranges
                0x00000fd0       0x18 c:/program files/microchip/xc32/v2.41/bin/bin/../../lib/gcc/pic32c/6.2.1/../../../../pic32c/lib/v7e-m/fpv4-sp/hard\libc_nano.a(lib_a-impure.o)
 .debug_aranges
                0x00000fe8       0x20 c:/program files/microchip/xc32/v2.41/bin/bin/../../lib/gcc/pic32c/6.2.1/../../../../pic32c/lib/v7e-m/fpv4-sp/hard\libc_nano.a(lib_a-mlock.o)
 .debug_aranges
                0x00001008       0x28 c:/program files/microchip/xc32/v2.41/bin/bin/../../lib/gcc/pic32c/6.2.1/../../../../pic32c/lib/v7e-m/fpv4-sp/hard\libc_nano.a(lib_a-reent.o)
 .debug_aranges
                0x00001030       0x20 c:/program files/microchip/xc32/v2.41/bin/bin/../../lib/gcc/pic32c/6.2.1/../../../../pic32c/lib/v7e-m/fpv4-sp/hard\libpic32c.a(sbrk.o)

.debug_ranges   0x00000000     0x1368
 .debug_ranges  0x00000000       0xa0 build/default/production/_ext/1593096446/plib_nvmctrl.o
 .debug_ranges  0x000000a0       0xa0 build/default/production/_ext/308758920/usb_host_msd.o
 .debug_ranges  0x00000140       0xd0 build/default/production/_ext/308758920/usb_host_scsi.o
 .debug_ranges  0x00000210       0x10 build/default/production/_ext/1986646378/plib_evsys.o
 .debug_ranges  0x00000220       0x40 build/default/production/_ext/1748409734/bootloader.o
 .debug_ranges  0x00000260       0x10 build/default/production/_ext/1171490990/initialization.o
 .debug_ranges  0x00000270       0x10 build/default/production/_ext/1360937237/main.o
 .debug_ranges  0x00000280       0x10 build/default/production/_ext/1171490990/interrupts.o
 .debug_ranges  0x00000290       0x38 build/default/production/_ext/1171490990/exceptions.o
 .debug_ranges  0x000002c8       0x50 build/default/production/_ext/1865521619/plib_port.o
 .debug_ranges  0x00000318       0x10 build/default/production/_ext/1984496892/plib_clock.o
 .debug_ranges  0x00000328       0x10 build/default/production/_ext/1865468468/plib_nvic.o
 .debug_ranges  0x00000338       0x10 build/default/production/_ext/1171490990/startup_xc32.o
 .debug_ranges  0x00000348       0x60 build/default/production/_ext/829342655/plib_tc0.o
 .debug_ranges  0x000003a8      0x180 build/default/production/_ext/101884895/sys_time.o
 .debug_ranges  0x00000528      0x230 build/default/production/_ext/308758920/usb_host.o
 .debug_ranges  0x00000758      0x3b8 build/default/production/_ext/1269487135/sys_fs.o
 .debug_ranges  0x00000b10      0x128 build/default/production/_ext/1269487135/sys_fs_media_manager.o
 .debug_ranges  0x00000c38       0x80 build/default/production/_ext/1269487135/sys_fs_fat_interface.o
 .debug_ranges  0x00000cb8      0x1e8 build/default/production/_ext/411819097/ff.o
 .debug_ranges  0x00000ea0       0x20 build/default/production/_ext/411819097/ffunicode.o
 .debug_ranges  0x00000ec0       0x60 build/default/production/_ext/565198302/diskio.o
 .debug_ranges  0x00000f20       0x70 build/default/production/_ext/818654064/drv_usbfsv1.o
 .debug_ranges  0x00000f90      0x178 build/default/production/_ext/818654064/drv_usbfsv1_host.o
 .debug_ranges  0x00001108       0x30 build/default/production/_ext/1881668453/sys_int.o
 .debug_ranges  0x00001138       0x20 build/default/production/_ext/1360937237/app.o
 .debug_ranges  0x00001158       0x10 build/default/production/_ext/1171490990/tasks.o
 .debug_ranges  0x00001168       0x10 c:/program files/microchip/xc32/v2.41/bin/bin/../../lib/gcc/pic32c/6.2.1/../../../../pic32c/lib/v7e-m/fpv4-sp/hard\libpic32c.a(data_init.o)
 .debug_ranges  0x00001178       0xa8 c:/program files/microchip/xc32/v2.41/bin/bin/../../lib/gcc/pic32c/6.2.1/v7e-m/fpv4-sp/hard\libgcc.a(_udivmoddi4.o)
 .debug_ranges  0x00001220       0x10 c:/program files/microchip/xc32/v2.41/bin/bin/../../lib/gcc/pic32c/6.2.1/../../../../pic32c/lib/v7e-m/fpv4-sp/hard\libc_nano.a(lib_a-init.o)
 .debug_ranges  0x00001230       0x18 c:/program files/microchip/xc32/v2.41/bin/bin/../../lib/gcc/pic32c/6.2.1/../../../../pic32c/lib/v7e-m/fpv4-sp/hard\libc_nano.a(lib_a-malloc.o)
 .debug_ranges  0x00001248       0x10 c:/program files/microchip/xc32/v2.41/bin/bin/../../lib/gcc/pic32c/6.2.1/../../../../pic32c/lib/v7e-m/fpv4-sp/hard\libc_nano.a(lib_a-memcpy-stub.o)
 .debug_ranges  0x00001258       0x10 c:/program files/microchip/xc32/v2.41/bin/bin/../../lib/gcc/pic32c/6.2.1/../../../../pic32c/lib/v7e-m/fpv4-sp/hard\libc_nano.a(lib_a-memset.o)
 .debug_ranges  0x00001268       0x10 c:/program files/microchip/xc32/v2.41/bin/bin/../../lib/gcc/pic32c/6.2.1/../../../../pic32c/lib/v7e-m/fpv4-sp/hard\libc_nano.a(lib_a-nano-freer.o)
 .debug_ranges  0x00001278       0x58 c:/program files/microchip/xc32/v2.41/bin/bin/../../lib/gcc/pic32c/6.2.1/../../../../pic32c/lib/v7e-m/fpv4-sp/hard\libc_nano.a(lib_a-nano-mallocr.o)
 .debug_ranges  0x000012d0       0x10 c:/program files/microchip/xc32/v2.41/bin/bin/../../lib/gcc/pic32c/6.2.1/../../../../pic32c/lib/v7e-m/fpv4-sp/hard\libc_nano.a(lib_a-sbrkr.o)
 .debug_ranges  0x000012e0       0x10 c:/program files/microchip/xc32/v2.41/bin/bin/../../lib/gcc/pic32c/6.2.1/../../../../pic32c/lib/v7e-m/fpv4-sp/hard\libc_nano.a(lib_a-strncmp.o)
 .debug_ranges  0x000012f0       0x10 c:/program files/microchip/xc32/v2.41/bin/bin/../../lib/gcc/pic32c/6.2.1/../../../../pic32c/lib/v7e-m/fpv4-sp/hard\libc_nano.a(lib_a-strncpy.o)
 .debug_ranges  0x00001300       0x10 c:/program files/microchip/xc32/v2.41/bin/bin/../../lib/gcc/pic32c/6.2.1/../../../../pic32c/lib/v7e-m/fpv4-sp/hard\libc_nano.a(lib_a-mlock.o)
 .debug_ranges  0x00001310       0x48 c:/program files/microchip/xc32/v2.41/bin/bin/../../lib/gcc/pic32c/6.2.1/../../../../pic32c/lib/v7e-m/fpv4-sp/hard\libc_nano.a(lib_a-reent.o)
 .debug_ranges  0x00001358       0x10 c:/program files/microchip/xc32/v2.41/bin/bin/../../lib/gcc/pic32c/6.2.1/../../../../pic32c/lib/v7e-m/fpv4-sp/hard\libpic32c.a(sbrk.o)

.debug_line     0x00000000     0xb37d
 .debug_line    0x00000000      0x34c build/default/production/_ext/1593096446/plib_nvmctrl.o
 .debug_line    0x0000034c      0x638 build/default/production/_ext/308758920/usb_host_msd.o
 .debug_line    0x00000984      0x6c2 build/default/production/_ext/308758920/usb_host_scsi.o
 .debug_line    0x00001046      0x12e build/default/production/_ext/1986646378/plib_evsys.o
 .debug_line    0x00001174      0x33d build/default/production/_ext/1748409734/bootloader.o
 .debug_line    0x000014b1      0x69b build/default/production/_ext/1171490990/initialization.o
 .debug_line    0x00001b4c      0x3ac build/default/production/_ext/1360937237/main.o
 .debug_line    0x00001ef8      0x426 build/default/production/_ext/1171490990/interrupts.o
 .debug_line    0x0000231e      0x3f9 build/default/production/_ext/1171490990/exceptions.o
 .debug_line    0x00002717      0x1ff build/default/production/_ext/1865521619/plib_port.o
 .debug_line    0x00002916      0x1bb build/default/production/_ext/1984496892/plib_clock.o
 .debug_line    0x00002ad1      0x1b2 build/default/production/_ext/1865468468/plib_nvic.o
 .debug_line    0x00002c83      0x43e build/default/production/_ext/1171490990/startup_xc32.o
 .debug_line    0x000030c1      0x248 build/default/production/_ext/829342655/plib_tc0.o
 .debug_line    0x00003309      0x79a build/default/production/_ext/101884895/sys_time.o
 .debug_line    0x00003aa3      0x3ee build/default/production/_ext/1171490990/usb_host_init_data.o
 .debug_line    0x00003e91     0x11e6 build/default/production/_ext/308758920/usb_host.o
 .debug_line    0x00005077      0xc06 build/default/production/_ext/1269487135/sys_fs.o
 .debug_line    0x00005c7d      0x64d build/default/production/_ext/1269487135/sys_fs_media_manager.o
 .debug_line    0x000062ca      0x30e build/default/production/_ext/1269487135/sys_fs_fat_interface.o
 .debug_line    0x000065d8      0x8f1 build/default/production/_ext/411819097/ff.o
 .debug_line    0x00006ec9      0x1bf build/default/production/_ext/411819097/ffunicode.o
 .debug_line    0x00007088      0x33a build/default/production/_ext/565198302/diskio.o
 .debug_line    0x000073c2      0x712 build/default/production/_ext/818654064/drv_usbfsv1.o
 .debug_line    0x00007ad4      0xece build/default/production/_ext/818654064/drv_usbfsv1_host.o
 .debug_line    0x000089a2      0x234 build/default/production/_ext/1881668453/sys_int.o
 .debug_line    0x00008bd6      0x4a2 build/default/production/_ext/1360937237/app.o
 .debug_line    0x00009078      0x417 build/default/production/_ext/1171490990/tasks.o
 .debug_line    0x0000948f       0xd8 c:/program files/microchip/xc32/v2.41/bin/bin/../../lib/gcc/pic32c/6.2.1/../../../../pic32c/lib/v7e-m/fpv4-sp/hard\libpic32c.a(data_init.o)
 .debug_line    0x00009567       0x9c c:/program files/microchip/xc32/v2.41/bin/bin/../../lib/gcc/pic32c/6.2.1/v7e-m/fpv4-sp/hard\libgcc.a(_aeabi_uldivmod.o)
 .debug_line    0x00009603      0x32c c:/program files/microchip/xc32/v2.41/bin/bin/../../lib/gcc/pic32c/6.2.1/v7e-m/fpv4-sp/hard\libgcc.a(_udivmoddi4.o)
 .debug_line    0x0000992f       0x9c c:/program files/microchip/xc32/v2.41/bin/bin/../../lib/gcc/pic32c/6.2.1/v7e-m/fpv4-sp/hard\libgcc.a(_dvmd_tls.o)
 .debug_line    0x000099cb      0x11d c:/program files/microchip/xc32/v2.41/bin/bin/../../lib/gcc/pic32c/6.2.1/../../../../pic32c/lib/v7e-m/fpv4-sp/hard\libc_nano.a(lib_a-init.o)
 .debug_line    0x00009ae8      0x21e c:/program files/microchip/xc32/v2.41/bin/bin/../../lib/gcc/pic32c/6.2.1/../../../../pic32c/lib/v7e-m/fpv4-sp/hard\libc_nano.a(lib_a-malloc.o)
 .debug_line    0x00009d06      0x218 c:/program files/microchip/xc32/v2.41/bin/bin/../../lib/gcc/pic32c/6.2.1/../../../../pic32c/lib/v7e-m/fpv4-sp/hard\libc_nano.a(lib_a-memcpy-stub.o)
 .debug_line    0x00009f1e      0x2ae c:/program files/microchip/xc32/v2.41/bin/bin/../../lib/gcc/pic32c/6.2.1/../../../../pic32c/lib/v7e-m/fpv4-sp/hard\libc_nano.a(lib_a-memset.o)
 .debug_line    0x0000a1cc      0x1dc c:/program files/microchip/xc32/v2.41/bin/bin/../../lib/gcc/pic32c/6.2.1/../../../../pic32c/lib/v7e-m/fpv4-sp/hard\libc_nano.a(lib_a-nano-freer.o)
 .debug_line    0x0000a3a8      0x257 c:/program files/microchip/xc32/v2.41/bin/bin/../../lib/gcc/pic32c/6.2.1/../../../../pic32c/lib/v7e-m/fpv4-sp/hard\libc_nano.a(lib_a-nano-mallocr.o)
 .debug_line    0x0000a5ff      0x212 c:/program files/microchip/xc32/v2.41/bin/bin/../../lib/gcc/pic32c/6.2.1/../../../../pic32c/lib/v7e-m/fpv4-sp/hard\libc_nano.a(lib_a-sbrkr.o)
 .debug_line    0x0000a811       0xb1 c:/program files/microchip/xc32/v2.41/bin/bin/../../lib/gcc/pic32c/6.2.1/../../../../pic32c/lib/v7e-m/fpv4-sp/hard\libc_nano.a(lib_a-strcmp.o)
 .debug_line    0x0000a8c2       0xb1 c:/program files/microchip/xc32/v2.41/bin/bin/../../lib/gcc/pic32c/6.2.1/../../../../pic32c/lib/v7e-m/fpv4-sp/hard\libc_nano.a(lib_a-strlen.o)
 .debug_line    0x0000a973      0x20e c:/program files/microchip/xc32/v2.41/bin/bin/../../lib/gcc/pic32c/6.2.1/../../../../pic32c/lib/v7e-m/fpv4-sp/hard\libc_nano.a(lib_a-strncmp.o)
 .debug_line    0x0000ab81      0x20e c:/program files/microchip/xc32/v2.41/bin/bin/../../lib/gcc/pic32c/6.2.1/../../../../pic32c/lib/v7e-m/fpv4-sp/hard\libc_nano.a(lib_a-strncpy.o)
 .debug_line    0x0000ad8f      0x17e c:/program files/microchip/xc32/v2.41/bin/bin/../../lib/gcc/pic32c/6.2.1/../../../../pic32c/lib/v7e-m/fpv4-sp/hard\libc_nano.a(lib_a-impure.o)
 .debug_line    0x0000af0d      0x18d c:/program files/microchip/xc32/v2.41/bin/bin/../../lib/gcc/pic32c/6.2.1/../../../../pic32c/lib/v7e-m/fpv4-sp/hard\libc_nano.a(lib_a-mlock.o)
 .debug_line    0x0000b09a      0x241 c:/program files/microchip/xc32/v2.41/bin/bin/../../lib/gcc/pic32c/6.2.1/../../../../pic32c/lib/v7e-m/fpv4-sp/hard\libc_nano.a(lib_a-reent.o)
 .debug_line    0x0000b2db       0xa2 c:/program files/microchip/xc32/v2.41/bin/bin/../../lib/gcc/pic32c/6.2.1/../../../../pic32c/lib/v7e-m/fpv4-sp/hard\libpic32c.a(sbrk.o)

.debug_str      0x00000000     0x1dfd
 .debug_str     0x00000000       0x29 build/default/production/_ext/1593096446/plib_nvmctrl.o
 .debug_str     0x00000029      0x311 build/default/production/_ext/308758920/usb_host_msd.o
 .debug_str     0x0000033a      0x171 build/default/production/_ext/308758920/usb_host_scsi.o
 .debug_str     0x000004ab        0x0 build/default/production/_ext/1986646378/plib_evsys.o
 .debug_str     0x000004ab       0xe6 build/default/production/_ext/1748409734/bootloader.o
 .debug_str     0x00000591      0x219 build/default/production/_ext/1171490990/initialization.o
 .debug_str     0x000007aa       0x55 build/default/production/_ext/1360937237/main.o
 .debug_str     0x000007ff       0x3c build/default/production/_ext/1171490990/interrupts.o
 .debug_str     0x0000083b       0x3c build/default/production/_ext/1171490990/exceptions.o
 .debug_str     0x00000877        0xb build/default/production/_ext/1865521619/plib_port.o
 .debug_str     0x00000882       0x1e build/default/production/_ext/1984496892/plib_clock.o
 .debug_str     0x000008a0        0xa build/default/production/_ext/1865468468/plib_nvic.o
 .debug_str     0x000008aa       0xa7 build/default/production/_ext/1171490990/startup_xc32.o
 .debug_str     0x00000951       0xbb build/default/production/_ext/829342655/plib_tc0.o
 .debug_str     0x00000a0c      0x14e build/default/production/_ext/101884895/sys_time.o
 .debug_str     0x00000b5a       0x3c build/default/production/_ext/1171490990/usb_host_init_data.o
 .debug_str     0x00000b96      0x474 build/default/production/_ext/308758920/usb_host.o
 .debug_str     0x0000100a      0x15a build/default/production/_ext/1269487135/sys_fs.o
 .debug_str     0x00001164      0x111 build/default/production/_ext/1269487135/sys_fs_media_manager.o
 .debug_str     0x00001275       0x5b build/default/production/_ext/1269487135/sys_fs_fat_interface.o
 .debug_str     0x000012d0       0x59 build/default/production/_ext/411819097/ff.o
 .debug_str     0x00001329        0x0 build/default/production/_ext/411819097/ffunicode.o
 .debug_str     0x00001329       0xf4 build/default/production/_ext/565198302/diskio.o
 .debug_str     0x0000141d      0x2dc build/default/production/_ext/818654064/drv_usbfsv1.o
 .debug_str     0x000016f9      0x466 build/default/production/_ext/818654064/drv_usbfsv1_host.o
 .debug_str     0x00001b5f       0x10 build/default/production/_ext/1881668453/sys_int.o
 .debug_str     0x00001b6f       0x4b build/default/production/_ext/1360937237/app.o
 .debug_str     0x00001bba       0x85 build/default/production/_ext/1171490990/tasks.o
 .debug_str     0x00001c3f        0x0 c:/program files/microchip/xc32/v2.41/bin/bin/../../lib/gcc/pic32c/6.2.1/../../../../pic32c/lib/v7e-m/fpv4-sp/hard\libpic32c.a(data_init.o)
 .debug_str     0x00001c3f        0x0 c:/program files/microchip/xc32/v2.41/bin/bin/../../lib/gcc/pic32c/6.2.1/v7e-m/fpv4-sp/hard\libgcc.a(_udivmoddi4.o)
 .debug_str     0x00001c3f        0x0 c:/program files/microchip/xc32/v2.41/bin/bin/../../lib/gcc/pic32c/6.2.1/../../../../pic32c/lib/v7e-m/fpv4-sp/hard\libc_nano.a(lib_a-init.o)
 .debug_str     0x00001c3f       0x13 c:/program files/microchip/xc32/v2.41/bin/bin/../../lib/gcc/pic32c/6.2.1/../../../../pic32c/lib/v7e-m/fpv4-sp/hard\libc_nano.a(lib_a-malloc.o)
 .debug_str     0x00001c52        0x9 c:/program files/microchip/xc32/v2.41/bin/bin/../../lib/gcc/pic32c/6.2.1/../../../../pic32c/lib/v7e-m/fpv4-sp/hard\libc_nano.a(lib_a-memcpy-stub.o)
 .debug_str     0x00001c5b      0x114 c:/program files/microchip/xc32/v2.41/bin/bin/../../lib/gcc/pic32c/6.2.1/../../../../pic32c/lib/v7e-m/fpv4-sp/hard\libc_nano.a(lib_a-memset.o)
 .debug_str     0x00001d6f       0x27 c:/program files/microchip/xc32/v2.41/bin/bin/../../lib/gcc/pic32c/6.2.1/../../../../pic32c/lib/v7e-m/fpv4-sp/hard\libc_nano.a(lib_a-nano-freer.o)
 .debug_str     0x00001d96       0x31 c:/program files/microchip/xc32/v2.41/bin/bin/../../lib/gcc/pic32c/6.2.1/../../../../pic32c/lib/v7e-m/fpv4-sp/hard\libc_nano.a(lib_a-nano-mallocr.o)
 .debug_str     0x00001dc7        0x9 c:/program files/microchip/xc32/v2.41/bin/bin/../../lib/gcc/pic32c/6.2.1/../../../../pic32c/lib/v7e-m/fpv4-sp/hard\libc_nano.a(lib_a-sbrkr.o)
 .debug_str     0x00001dd0        0x9 c:/program files/microchip/xc32/v2.41/bin/bin/../../lib/gcc/pic32c/6.2.1/../../../../pic32c/lib/v7e-m/fpv4-sp/hard\libc_nano.a(lib_a-strncmp.o)
 .debug_str     0x00001dd9        0x9 c:/program files/microchip/xc32/v2.41/bin/bin/../../lib/gcc/pic32c/6.2.1/../../../../pic32c/lib/v7e-m/fpv4-sp/hard\libc_nano.a(lib_a-strncpy.o)
 .debug_str     0x00001de2        0x9 c:/program files/microchip/xc32/v2.41/bin/bin/../../lib/gcc/pic32c/6.2.1/../../../../pic32c/lib/v7e-m/fpv4-sp/hard\libc_nano.a(lib_a-impure.o)
 .debug_str     0x00001deb        0x9 c:/program files/microchip/xc32/v2.41/bin/bin/../../lib/gcc/pic32c/6.2.1/../../../../pic32c/lib/v7e-m/fpv4-sp/hard\libc_nano.a(lib_a-mlock.o)
 .debug_str     0x00001df4        0x9 c:/program files/microchip/xc32/v2.41/bin/bin/../../lib/gcc/pic32c/6.2.1/../../../../pic32c/lib/v7e-m/fpv4-sp/hard\libc_nano.a(lib_a-reent.o)
 .debug_str     0x00001dfd        0x0 c:/program files/microchip/xc32/v2.41/bin/bin/../../lib/gcc/pic32c/6.2.1/../../../../pic32c/lib/v7e-m/fpv4-sp/hard\libpic32c.a(sbrk.o)

.debug_frame    0x00000000     0x2960
 .debug_frame   0x00000000      0x160 build/default/production/_ext/1593096446/plib_nvmctrl.o
 .debug_frame   0x00000160      0x1b0 build/default/production/_ext/308758920/usb_host_msd.o
 .debug_frame   0x00000310      0x250 build/default/production/_ext/308758920/usb_host_scsi.o
 .debug_frame   0x00000560       0x20 build/default/production/_ext/1986646378/plib_evsys.o
 .debug_frame   0x00000580       0x9c build/default/production/_ext/1748409734/bootloader.o
 .debug_frame   0x0000061c       0x28 build/default/production/_ext/1171490990/initialization.o
 .debug_frame   0x00000644       0x28 build/default/production/_ext/1360937237/main.o
 .debug_frame   0x0000066c       0x20 build/default/production/_ext/1171490990/interrupts.o
 .debug_frame   0x0000068c       0x70 build/default/production/_ext/1171490990/exceptions.o
 .debug_frame   0x000006fc       0xa0 build/default/production/_ext/1865521619/plib_port.o
 .debug_frame   0x0000079c       0x20 build/default/production/_ext/1984496892/plib_clock.o
 .debug_frame   0x000007bc       0x20 build/default/production/_ext/1865468468/plib_nvic.o
 .debug_frame   0x000007dc       0x28 build/default/production/_ext/1171490990/startup_xc32.o
 .debug_frame   0x00000804       0xc8 build/default/production/_ext/829342655/plib_tc0.o
 .debug_frame   0x000008cc      0x3fc build/default/production/_ext/101884895/sys_time.o
 .debug_frame   0x00000cc8      0x6fc build/default/production/_ext/308758920/usb_host.o
 .debug_frame   0x000013c4      0x474 build/default/production/_ext/1269487135/sys_fs.o
 .debug_frame   0x00001838      0x1e8 build/default/production/_ext/1269487135/sys_fs_media_manager.o
 .debug_frame   0x00001a20      0x188 build/default/production/_ext/1269487135/sys_fs_fat_interface.o
 .debug_frame   0x00001ba8      0x40c build/default/production/_ext/411819097/ff.o
 .debug_frame   0x00001fb4       0x5c build/default/production/_ext/411819097/ffunicode.o
 .debug_frame   0x00002010       0xd8 build/default/production/_ext/565198302/diskio.o
 .debug_frame   0x000020e8      0x14c build/default/production/_ext/818654064/drv_usbfsv1.o
 .debug_frame   0x00002234      0x36c build/default/production/_ext/818654064/drv_usbfsv1_host.o
 .debug_frame   0x000025a0       0x6c build/default/production/_ext/1881668453/sys_int.o
 .debug_frame   0x0000260c       0x48 build/default/production/_ext/1360937237/app.o
 .debug_frame   0x00002654       0x28 build/default/production/_ext/1171490990/tasks.o
 .debug_frame   0x0000267c       0x2c c:/program files/microchip/xc32/v2.41/bin/bin/../../lib/gcc/pic32c/6.2.1/../../../../pic32c/lib/v7e-m/fpv4-sp/hard\libpic32c.a(data_init.o)
 .debug_frame   0x000026a8       0x2c c:/program files/microchip/xc32/v2.41/bin/bin/../../lib/gcc/pic32c/6.2.1/v7e-m/fpv4-sp/hard\libgcc.a(_aeabi_uldivmod.o)
 .debug_frame   0x000026d4       0x38 c:/program files/microchip/xc32/v2.41/bin/bin/../../lib/gcc/pic32c/6.2.1/v7e-m/fpv4-sp/hard\libgcc.a(_udivmoddi4.o)
 .debug_frame   0x0000270c       0x2c c:/program files/microchip/xc32/v2.41/bin/bin/../../lib/gcc/pic32c/6.2.1/../../../../pic32c/lib/v7e-m/fpv4-sp/hard\libc_nano.a(lib_a-init.o)
 .debug_frame   0x00002738       0x30 c:/program files/microchip/xc32/v2.41/bin/bin/../../lib/gcc/pic32c/6.2.1/../../../../pic32c/lib/v7e-m/fpv4-sp/hard\libc_nano.a(lib_a-malloc.o)
 .debug_frame   0x00002768       0x28 c:/program files/microchip/xc32/v2.41/bin/bin/../../lib/gcc/pic32c/6.2.1/../../../../pic32c/lib/v7e-m/fpv4-sp/hard\libc_nano.a(lib_a-memcpy-stub.o)
 .debug_frame   0x00002790       0x20 c:/program files/microchip/xc32/v2.41/bin/bin/../../lib/gcc/pic32c/6.2.1/../../../../pic32c/lib/v7e-m/fpv4-sp/hard\libc_nano.a(lib_a-memset.o)
 .debug_frame   0x000027b0       0x38 c:/program files/microchip/xc32/v2.41/bin/bin/../../lib/gcc/pic32c/6.2.1/../../../../pic32c/lib/v7e-m/fpv4-sp/hard\libc_nano.a(lib_a-nano-freer.o)
 .debug_frame   0x000027e8       0x2c c:/program files/microchip/xc32/v2.41/bin/bin/../../lib/gcc/pic32c/6.2.1/../../../../pic32c/lib/v7e-m/fpv4-sp/hard\libc_nano.a(lib_a-nano-mallocr.o)
 .debug_frame   0x00002814       0x2c c:/program files/microchip/xc32/v2.41/bin/bin/../../lib/gcc/pic32c/6.2.1/../../../../pic32c/lib/v7e-m/fpv4-sp/hard\libc_nano.a(lib_a-sbrkr.o)
 .debug_frame   0x00002840       0x20 c:/program files/microchip/xc32/v2.41/bin/bin/../../lib/gcc/pic32c/6.2.1/../../../../pic32c/lib/v7e-m/fpv4-sp/hard\libc_nano.a(lib_a-strcmp.o)
 .debug_frame   0x00002860       0x28 c:/program files/microchip/xc32/v2.41/bin/bin/../../lib/gcc/pic32c/6.2.1/../../../../pic32c/lib/v7e-m/fpv4-sp/hard\libc_nano.a(lib_a-strncmp.o)
 .debug_frame   0x00002888       0x2c c:/program files/microchip/xc32/v2.41/bin/bin/../../lib/gcc/pic32c/6.2.1/../../../../pic32c/lib/v7e-m/fpv4-sp/hard\libc_nano.a(lib_a-strncpy.o)
 .debug_frame   0x000028b4       0x30 c:/program files/microchip/xc32/v2.41/bin/bin/../../lib/gcc/pic32c/6.2.1/../../../../pic32c/lib/v7e-m/fpv4-sp/hard\libc_nano.a(lib_a-mlock.o)
 .debug_frame   0x000028e4       0x5c c:/program files/microchip/xc32/v2.41/bin/bin/../../lib/gcc/pic32c/6.2.1/../../../../pic32c/lib/v7e-m/fpv4-sp/hard\libc_nano.a(lib_a-reent.o)
 .debug_frame   0x00002940       0x20 c:/program files/microchip/xc32/v2.41/bin/bin/../../lib/gcc/pic32c/6.2.1/../../../../pic32c/lib/v7e-m/fpv4-sp/hard\libpic32c.a(sbrk.o)

.stack          0x200021e8      0x100
 .stack         0x200021e8      0x100 stack

.bss.gUSBHostDeviceList%1
                0x20000cbc      0x348
 .bss.gUSBHostDeviceList
                0x20000cbc      0x348 build/default/production/_ext/308758920/usb_host.o

.bss.gUSBHostTransferObj%2
                0x20001004      0x280
 .bss.gUSBHostTransferObj
                0x20001004      0x280 build/default/production/_ext/308758920/usb_host.o

.bss.FATFSVolume%3
                0x20001290      0x240
 .bss.FATFSVolume
                0x20001290      0x240 build/default/production/_ext/1269487135/sys_fs_fat_interface.o

.bss.FATFSFileObject%4
                0x200014d0      0x230
 .bss.FATFSFileObject
                0x200014d0      0x230 build/default/production/_ext/1269487135/sys_fs_fat_interface.o

.bss.gSysFsDiskData%5
                0x20001700      0x220
 .bss.gSysFsDiskData
                0x20001700      0x220 build/default/production/_ext/565198302/diskio.o

.bss.LfnBuf%6   0x20001920      0x200
 .bss.LfnBuf    0x20001920      0x200 build/default/production/_ext/411819097/ff.o

.data.btlData%7
                0x20001b20      0x130
 .data.btlData  0x20001b20      0x130 build/default/production/_ext/1748409734/bootloader.o
                0x20001b20                btlData

.bss.timers%8   0x20001c50       0xa0
 .bss.timers    0x20001c50       0xa0 build/default/production/_ext/101884895/sys_time.o

.bss.gUSBHostPipeObj%9
                0x20001cf0       0xa0
 .bss.gUSBHostPipeObj
                0x20001cf0       0xa0 build/default/production/_ext/308758920/usb_host.o

.data.impure_data%10
                0x20001d90       0x60
 .data.impure_data
                0x20001d90       0x60 c:/program files/microchip/xc32/v2.41/bin/bin/../../lib/gcc/pic32c/6.2.1/../../../../pic32c/lib/v7e-m/fpv4-sp/hard\libc_nano.a(lib_a-impure.o)

.data.gDrvUSBFSV1HostInterface%11
                0x20001df0       0x54
 .data.gDrvUSBFSV1HostInterface
                0x20001df0       0x54 build/default/production/_ext/818654064/drv_usbfsv1_host.o
                0x20001df0                gDrvUSBFSV1HostInterface

.bss.gUSBHostBusList%12
                0x20001e44       0x48
 .bss.gUSBHostBusList
                0x20001e44       0x48 build/default/production/_ext/308758920/usb_host.o

.bss.gSystemCounterObj%13
                0x20001e8c       0x38
 .bss.gSystemCounterObj
                0x20001e8c       0x38 build/default/production/_ext/101884895/sys_time.o

.bss.FATFSDirObject%14
                0x20001ed0       0x34
 .bss.FATFSDirObject
                0x20001ed0       0x34 build/default/production/_ext/1269487135/sys_fs_fat_interface.o

.data.gUSBHostMSDSCSIMediaFunctions%15
                0x20001f04       0x30
 .data.gUSBHostMSDSCSIMediaFunctions
                0x20001f04       0x30 build/default/production/_ext/308758920/usb_host_scsi.o
                0x20001f04                gUSBHostMSDSCSIMediaFunctions

.data.gUSBHostMSDClientDriver%16
                0x20001f34       0x2c
 .data.gUSBHostMSDClientDriver
                0x20001f34       0x2c build/default/production/_ext/308758920/usb_host_msd.o
                0x20001f34                gUSBHostMSDClientDriver

.bss%17         0x20001f60       0x1c
 .bss           0x20001f60       0x1c c:/program files/microchip/xc32/v2.41/bin/bin/../../lib/gcc/pic32c/6.2.1/v7e-m/fpv4-sp/hard/crtbegin.o

.data.gSYSFSMediaManagerObj%18
                0x20001f7c       0x18
 .data.gSYSFSMediaManagerObj
                0x20001f7c       0x18 build/default/production/_ext/1269487135/sys_fs_media_manager.o
                0x20001f7c                gSYSFSMediaManagerObj

.bss.gUSBHostObj%19
                0x20001f94       0x14
 .bss.gUSBHostObj
                0x20001f94       0x14 build/default/production/_ext/308758920/usb_host.o

.data.gSYSFSVolumeName%20
                0x20001fa8       0x14
 .data.gSYSFSVolumeName
                0x20001fa8       0x14 build/default/production/_ext/1269487135/sys_fs_media_manager.o
                0x20001fa8                gSYSFSVolumeName

.bss.gSYSFSEventHandler%21
                0x20001284        0x8
 .bss.gSYSFSEventHandler
                0x20001284        0x8 build/default/production/_ext/1269487135/sys_fs_media_manager.o

.bss.FatFs%22   0x2000128c        0x4
 .bss.FatFs     0x2000128c        0x4 build/default/production/_ext/411819097/ff.o

.bss.__malloc_free_list%23
                0x20001ec4        0x4
 .bss.__malloc_free_list
                0x20001ec4        0x4 c:/program files/microchip/xc32/v2.41/bin/bin/../../lib/gcc/pic32c/6.2.1/../../../../pic32c/lib/v7e-m/fpv4-sp/hard\libc_nano.a(lib_a-nano-mallocr.o)
                0x20001ec4                __malloc_free_list

.bss.__malloc_sbrk_start%24
                0x20001ec8        0x4
 .bss.__malloc_sbrk_start
                0x20001ec8        0x4 c:/program files/microchip/xc32/v2.41/bin/bin/../../lib/gcc/pic32c/6.2.1/../../../../pic32c/lib/v7e-m/fpv4-sp/hard\libc_nano.a(lib_a-nano-mallocr.o)
                0x20001ec8                __malloc_sbrk_start

.data._impure_ptr%25
                0x20001ecc        0x4
 .data._impure_ptr
                0x20001ecc        0x4 c:/program files/microchip/xc32/v2.41/bin/bin/../../lib/gcc/pic32c/6.2.1/../../../../pic32c/lib/v7e-m/fpv4-sp/hard\libc_nano.a(lib_a-impure.o)
                0x20001ecc                _impure_ptr

.bss%26         0x20001fbc        0x4
 .bss           0x20001fbc        0x4 c:/program files/microchip/xc32/v2.41/bin/bin/../../lib/gcc/pic32c/6.2.1/../../../../pic32c/lib/v7e-m/fpv4-sp/hard\libpic32c.a(sbrk.o)

.bss.nvm_error%27
                0x20001fc0        0x2
 .bss.nvm_error
                0x20001fc0        0x2 build/default/production/_ext/1593096446/plib_nvmctrl.o

.data.gSysTimeTokenCount%28
                0x20001fc2        0x2
 .data.gSysTimeTokenCount
                0x20001fc2        0x2 build/default/production/_ext/101884895/sys_time.o

.bss.Fsid%29    0x20001fc4        0x2
 .bss.Fsid      0x20001fc4        0x2 build/default/production/_ext/411819097/ff.o

.bss.gNumOfFSClients%30
                0x20001fc6        0x1
 .bss.gNumOfFSClients
                0x20001fc6        0x1 build/default/production/_ext/1269487135/sys_fs_media_manager.o

.bss.startupflag%31
                0x20001fc7        0x1
 .bss.startupflag
                0x20001fc7        0x1 build/default/production/_ext/1269487135/sys_fs_fat_interface.o

.bss.CurrVol%32
                0x20001fc8        0x1
 .bss.CurrVol   0x20001fc8        0x1 build/default/production/_ext/411819097/ff.o

.eh_frame%z1    0x00000000        0x0
 .eh_frame      0x00000000        0x0 c:/program files/microchip/xc32/v2.41/bin/bin/../../lib/gcc/pic32c/6.2.1/v7e-m/fpv4-sp/hard/crtbegin.o

.text._USB_HOST_MakeDeviceReady%33
                0x00000288      0x7d8
 .text._USB_HOST_MakeDeviceReady
                0x00000288      0x7d8 build/default/production/_ext/308758920/usb_host.o
                0x00000288                _USB_HOST_MakeDeviceReady

.text.follow_path%34
                0x00000a60      0x52c
 .text.follow_path
                0x00000a60      0x52c build/default/production/_ext/411819097/ff.o

.text._USB_HOST_SCSI_TasksByIndex%35
                0x00000f8c      0x508
 .text._USB_HOST_SCSI_TasksByIndex
                0x00000f8c      0x508 build/default/production/_ext/308758920/usb_host_scsi.o
                0x00000f8c                _USB_HOST_SCSI_TasksByIndex

.dinit%36       0x00001494      0x480
 .dinit         0x00001494      0x480 data_init

.text._DRV_USBFSV1_HOST_CreateFrameIRPList%37
                0x00001914      0x430
 .text._DRV_USBFSV1_HOST_CreateFrameIRPList
                0x00001914      0x430 build/default/production/_ext/818654064/drv_usbfsv1_host.o
                0x00001914                _DRV_USBFSV1_HOST_CreateFrameIRPList

.text.SYS_FS_MEDIA_MANAGER_Tasks%38
                0x00001d44      0x424
 .text.SYS_FS_MEDIA_MANAGER_Tasks
                0x00001d44      0x424 build/default/production/_ext/1269487135/sys_fs_media_manager.o
                0x00001d44                SYS_FS_MEDIA_MANAGER_Tasks

.text._DRV_USBFSV1_HOST_ControlTransferProcess%39
                0x00002168      0x400
 .text._DRV_USBFSV1_HOST_ControlTransferProcess
                0x00002168      0x400 build/default/production/_ext/818654064/drv_usbfsv1_host.o
                0x00002168                _DRV_USBFSV1_HOST_ControlTransferProcess

.text._USB_HOST_UpdateConfigurationState%40
                0x00002568      0x328
 .text._USB_HOST_UpdateConfigurationState
                0x00002568      0x328 build/default/production/_ext/308758920/usb_host.o
                0x00002568                _USB_HOST_UpdateConfigurationState

.text.USB_HOST_MSD_TransferErrorTasks%41
                0x00002890      0x2f4
 .text.USB_HOST_MSD_TransferErrorTasks
                0x00002890      0x2f4 build/default/production/_ext/308758920/usb_host_msd.o
                0x00002890                USB_HOST_MSD_TransferErrorTasks

.text._DRV_USBFSV1_HOST_Tasks_ISR%42
                0x00002b84      0x2e6
 .text._DRV_USBFSV1_HOST_Tasks_ISR
                0x00002b84      0x2e6 build/default/production/_ext/818654064/drv_usbfsv1_host.o
                0x00002b84                _DRV_USBFSV1_HOST_Tasks_ISR

.text%43        0x00002e6a      0x2b8
 .text          0x00002e6a      0x2b8 c:/program files/microchip/xc32/v2.41/bin/bin/../../lib/gcc/pic32c/6.2.1/v7e-m/fpv4-sp/hard\libgcc.a(_udivmoddi4.o)
                0x00002e6a                __udivmoddi4

.text.mount_volume%44
                0x00003124      0x290
 .text.mount_volume
                0x00003124      0x290 build/default/production/_ext/411819097/ff.o

.text.DRV_USBFSV1_HOST_PipeSetup%45
                0x000033b4      0x280
 .text.DRV_USBFSV1_HOST_PipeSetup
                0x000033b4      0x280 build/default/production/_ext/818654064/drv_usbfsv1_host.o
                0x000033b4                DRV_USBFSV1_HOST_PipeSetup

.text._USB_HOST_MSD_TransferTasks%46
                0x00003634      0x270
 .text._USB_HOST_MSD_TransferTasks
                0x00003634      0x270 build/default/production/_ext/308758920/usb_host_msd.o
                0x00003634                _USB_HOST_MSD_TransferTasks

.text.USB_HOST_SCSI_TransferTasks%47
                0x000038a4      0x24c
 .text.USB_HOST_SCSI_TransferTasks
                0x000038a4      0x24c build/default/production/_ext/308758920/usb_host_scsi.o
                0x000038a4                USB_HOST_SCSI_TransferTasks

.rodata.cvt1.8074%48
                0x00003af0      0x1f4
 .rodata.cvt1.8074
                0x00003af0      0x1f4 build/default/production/_ext/411819097/ffunicode.o

.text._USB_HOST_UpdateInterfaceStatus%49
                0x00003ce4      0x1b0
 .text._USB_HOST_UpdateInterfaceStatus
                0x00003ce4      0x1b0 build/default/production/_ext/308758920/usb_host.o
                0x00003ce4                _USB_HOST_UpdateInterfaceStatus

.text.USB_HOST_MSD_Transfer%50
                0x00003e94      0x1a4
 .text.USB_HOST_MSD_Transfer
                0x00003e94      0x1a4 build/default/production/_ext/308758920/usb_host_msd.o
                0x00003e94                USB_HOST_MSD_Transfer

.text.DRV_USBFSV1_HOST_PipeClose%51
                0x00004038      0x18c
 .text.DRV_USBFSV1_HOST_PipeClose
                0x00004038      0x18c build/default/production/_ext/818654064/drv_usbfsv1_host.o
                0x00004038                DRV_USBFSV1_HOST_PipeClose

.text._USB_HOST_SCSI_DetachDetectTasks%52
                0x000041c4      0x188
 .text._USB_HOST_SCSI_DetachDetectTasks
                0x000041c4      0x188 build/default/production/_ext/308758920/usb_host_scsi.o
                0x000041c4                _USB_HOST_SCSI_DetachDetectTasks

.text._USB_HOST_DeviceControlTransferCallback%53
                0x0000434c      0x17c
 .text._USB_HOST_DeviceControlTransferCallback
                0x0000434c      0x17c build/default/production/_ext/308758920/usb_host.o
                0x0000434c                _USB_HOST_DeviceControlTransferCallback

.text.SYS_FS_Mount%54
                0x000044c8      0x178
 .text.SYS_FS_Mount
                0x000044c8      0x178 build/default/production/_ext/1269487135/sys_fs.o
                0x000044c8                SYS_FS_Mount

.text._DRV_USBFSV1_HOST_NonControlTransferProcess%55
                0x00004640      0x172
 .text._DRV_USBFSV1_HOST_NonControlTransferProcess
                0x00004640      0x172 build/default/production/_ext/818654064/drv_usbfsv1_host.o

.text.get_fileinfo%56
                0x000047b2      0x16a
 .text.get_fileinfo
                0x000047b2      0x16a build/default/production/_ext/411819097/ff.o

.text.dir_read%57
                0x0000491c      0x168
 .text.dir_read
                0x0000491c      0x168 build/default/production/_ext/411819097/ff.o

.text._USB_HOST_MSD_InterfaceTasks%58
                0x00004a84      0x164
 .text._USB_HOST_MSD_InterfaceTasks
                0x00004a84      0x164 build/default/production/_ext/308758920/usb_host_msd.o
                0x00004a84                _USB_HOST_MSD_InterfaceTasks

.text.USB_HOST_DeviceEnumerate%59
                0x00004be8      0x164
 .text.USB_HOST_DeviceEnumerate
                0x00004be8      0x164 build/default/production/_ext/308758920/usb_host.o
                0x00004be8                USB_HOST_DeviceEnumerate

.text.USB_HOST_DevicePipeOpen%60
                0x00004d4c      0x164
 .text.USB_HOST_DevicePipeOpen
                0x00004d4c      0x164 build/default/production/_ext/308758920/usb_host.o
                0x00004d4c                USB_HOST_DevicePipeOpen

.text._USB_HOST_UpdateDeviceOwnership%61
                0x00004eb0      0x15c
 .text._USB_HOST_UpdateDeviceOwnership
                0x00004eb0      0x15c build/default/production/_ext/308758920/usb_host.o
                0x00004eb0                _USB_HOST_UpdateDeviceOwnership

.text._DRV_USBFSV1_HOST_AttachDetachStateMachine%62
                0x0000500c      0x14c
 .text._DRV_USBFSV1_HOST_AttachDetachStateMachine
                0x0000500c      0x14c build/default/production/_ext/818654064/drv_usbfsv1_host.o
                0x0000500c                _DRV_USBFSV1_HOST_AttachDetachStateMachine

.text.DRV_USBFSV1_HOST_IRPCancel%63
                0x00005158      0x148
 .text.DRV_USBFSV1_HOST_IRPCancel
                0x00005158      0x148 build/default/production/_ext/818654064/drv_usbfsv1_host.o
                0x00005158                DRV_USBFSV1_HOST_IRPCancel

.text.DRV_USBFSV1_Initialize%64
                0x000052a0      0x144
 .text.DRV_USBFSV1_Initialize
                0x000052a0      0x144 build/default/production/_ext/818654064/drv_usbfsv1.o
                0x000052a0                DRV_USBFSV1_Initialize

.text.USB_HOST_DevicePipeHaltClear%65
                0x000053e4      0x13c
 .text.USB_HOST_DevicePipeHaltClear
                0x000053e4      0x13c build/default/production/_ext/308758920/usb_host.o
                0x000053e4                USB_HOST_DevicePipeHaltClear

.text.f_read%66
                0x00005520      0x138
 .text.f_read   0x00005520      0x138 build/default/production/_ext/411819097/ff.o
                0x00005520                f_read

.text.f_getcwd%67
                0x00005658      0x136
 .text.f_getcwd
                0x00005658      0x136 build/default/production/_ext/411819097/ff.o
                0x00005658                f_getcwd

.text.CLOCK_Initialize%68
                0x00005790      0x130
 .text.CLOCK_Initialize
                0x00005790      0x130 build/default/production/_ext/1984496892/plib_clock.o
                0x00005790                CLOCK_Initialize

.text.USB_HOST_DeviceTransfer%69
                0x000058c0      0x12c
 .text.USB_HOST_DeviceTransfer
                0x000058c0      0x12c build/default/production/_ext/308758920/usb_host.o
                0x000058c0                USB_HOST_DeviceTransfer

.text.bootloader_Tasks%70
                0x000059ec      0x124
 .text.bootloader_Tasks
                0x000059ec      0x124 build/default/production/_ext/1748409734/bootloader.o
                0x000059ec                bootloader_Tasks

.text.DRV_USBFSV1_HOST_IRPSubmit%71
                0x00005b10      0x114
 .text.DRV_USBFSV1_HOST_IRPSubmit
                0x00005b10      0x114 build/default/production/_ext/818654064/drv_usbfsv1_host.o
                0x00005b10                DRV_USBFSV1_HOST_IRPSubmit

.text.USB_HOST_DeviceDenumerate%72
                0x00005c24      0x110
 .text.USB_HOST_DeviceDenumerate
                0x00005c24      0x110 build/default/production/_ext/308758920/usb_host.o
                0x00005c24                USB_HOST_DeviceDenumerate

.text.SYS_FS_FileOpen%73
                0x00005d34      0x10c
 .text.SYS_FS_FileOpen
                0x00005d34      0x10c build/default/production/_ext/1269487135/sys_fs.o
                0x00005d34                SYS_FS_FileOpen

.rodata.uc437%74
                0x00005e40      0x100
 .rodata.uc437  0x00005e40      0x100 build/default/production/_ext/411819097/ffunicode.o

.text.USB_HOST_Tasks%75
                0x00005f40       0xfc
 .text.USB_HOST_Tasks
                0x00005f40       0xfc build/default/production/_ext/308758920/usb_host.o
                0x00005f40                USB_HOST_Tasks

.text._DRV_USBFSV1_HOST_Initialize%76
                0x0000603c       0xf8
 .text._DRV_USBFSV1_HOST_Initialize
                0x0000603c       0xf8 build/default/production/_ext/818654064/drv_usbfsv1_host.o
                0x0000603c                _DRV_USBFSV1_HOST_Initialize

.text._DRV_USBFSV1_HOST_NonControlTransferDataSend%77
                0x00006134       0xf6
 .text._DRV_USBFSV1_HOST_NonControlTransferDataSend
                0x00006134       0xf6 build/default/production/_ext/818654064/drv_usbfsv1_host.o
                0x00006134                _DRV_USBFSV1_HOST_NonControlTransferDataSend

.text.f_lseek%78
                0x0000622a       0xec
 .text.f_lseek  0x0000622a       0xec build/default/production/_ext/411819097/ff.o
                0x0000622a                f_lseek

.text.DRV_USBFSV1_Tasks%79
                0x00006318       0xec
 .text.DRV_USBFSV1_Tasks
                0x00006318       0xec build/default/production/_ext/818654064/drv_usbfsv1.o
                0x00006318                DRV_USBFSV1_Tasks

.text._USB_HOST_SCSI_Transfer%80
                0x00006404       0xe4
 .text._USB_HOST_SCSI_Transfer
                0x00006404       0xe4 build/default/production/_ext/308758920/usb_host_scsi.o
                0x00006404                _USB_HOST_SCSI_Transfer

.text.USB_HOST_DeviceControlTransfer%81
                0x000064e8       0xe4
 .text.USB_HOST_DeviceControlTransfer
                0x000064e8       0xe4 build/default/production/_ext/308758920/usb_host.o
                0x000064e8                USB_HOST_DeviceControlTransfer

.text.SYS_FS_Unmount%82
                0x000065cc       0xe4
 .text.SYS_FS_Unmount
                0x000065cc       0xe4 build/default/production/_ext/1269487135/sys_fs.o
                0x000065cc                SYS_FS_Unmount

.text._USB_HOST_MSD_InterfaceAssign%83
                0x000066b0       0xdc
 .text._USB_HOST_MSD_InterfaceAssign
                0x000066b0       0xdc build/default/production/_ext/308758920/usb_host_msd.o
                0x000066b0                _USB_HOST_MSD_InterfaceAssign

.text.SYS_TIME_PLIBCallback%84
                0x0000678c       0xd4
 .text.SYS_TIME_PLIBCallback
                0x0000678c       0xd4 build/default/production/_ext/101884895/sys_time.o

.text.USB_HOST_DeviceEndpointDescriptorQuery%85
                0x00006860       0xd4
 .text.USB_HOST_DeviceEndpointDescriptorQuery
                0x00006860       0xd4 build/default/production/_ext/308758920/usb_host.o
                0x00006860                USB_HOST_DeviceEndpointDescriptorQuery

.text.get_fat%86
                0x00006934       0xd0
 .text.get_fat  0x00006934       0xd0 build/default/production/_ext/411819097/ff.o

.text.SYS_FS_GetDisk%87
                0x00006a04       0xcc
 .text.SYS_FS_GetDisk
                0x00006a04       0xcc build/default/production/_ext/1269487135/sys_fs.o

.text._USB_HOST_DeviceConfigurationDescriptorErrorCheck%88
                0x00006ad0       0xc8
 .text._USB_HOST_DeviceConfigurationDescriptorErrorCheck
                0x00006ad0       0xc8 build/default/production/_ext/308758920/usb_host.o
                0x00006ad0                _USB_HOST_DeviceConfigurationDescriptorErrorCheck

.text.ff_wtoupper%89
                0x00006b98       0xc8
 .text.ff_wtoupper
                0x00006b98       0xc8 build/default/production/_ext/411819097/ffunicode.o
                0x00006b98                ff_wtoupper

.text._USB_HOST_ConfigurationDescriptorParse%90
                0x00006c60       0xc6
 .text._USB_HOST_ConfigurationDescriptorParse
                0x00006c60       0xc6 build/default/production/_ext/308758920/usb_host.o
                0x00006c60                _USB_HOST_ConfigurationDescriptorParse

.text.USB_HOST_DeviceGeneralInterfaceDescriptorQuery%91
                0x00006d26       0xc4
 .text.USB_HOST_DeviceGeneralInterfaceDescriptorQuery
                0x00006d26       0xc4 build/default/production/_ext/308758920/usb_host.o
                0x00006d26                USB_HOST_DeviceGeneralInterfaceDescriptorQuery

.text.USB_HOST_DeviceInterfaceDescriptorQuery%92
                0x00006dea       0xc0
 .text.USB_HOST_DeviceInterfaceDescriptorQuery
                0x00006dea       0xc0 build/default/production/_ext/308758920/usb_host.o
                0x00006dea                USB_HOST_DeviceInterfaceDescriptorQuery

.text.dir_sdi%93
                0x00006eaa       0xbc
 .text.dir_sdi  0x00006eaa       0xbc build/default/production/_ext/411819097/ff.o

.rodata.cvt2.8075%94
                0x00006f68       0xbc
 .rodata.cvt2.8075
                0x00006f68       0xbc build/default/production/_ext/411819097/ffunicode.o

.text._malloc_r%95
                0x00007024       0xbc
 .text._malloc_r
                0x00007024       0xbc c:/program files/microchip/xc32/v2.41/bin/bin/../../lib/gcc/pic32c/6.2.1/../../../../pic32c/lib/v7e-m/fpv4-sp/hard\libc_nano.a(lib_a-nano-mallocr.o)
                0x00007024                _malloc_r

.text._DRV_USBFSV1_HOST_ControlTransferDataStageSend%96
                0x000070e0       0xb8
 .text._DRV_USBFSV1_HOST_ControlTransferDataStageSend
                0x000070e0       0xb8 build/default/production/_ext/818654064/drv_usbfsv1_host.o
                0x000070e0                _DRV_USBFSV1_HOST_ControlTransferDataStageSend

.text.DRV_USBFSV1_Tasks_ISR%97
                0x00007198       0xb4
 .text.DRV_USBFSV1_Tasks_ISR
                0x00007198       0xb4 build/default/production/_ext/818654064/drv_usbfsv1.o
                0x00007198                DRV_USBFSV1_Tasks_ISR

.text.SYS_TIME_TimerObjectCreate%98
                0x0000724c       0xb0
 .text.SYS_TIME_TimerObjectCreate
                0x0000724c       0xb0 build/default/production/_ext/101884895/sys_time.o

.text.disk_read%99
                0x000072fc       0xb0
 .text.disk_read
                0x000072fc       0xb0 build/default/production/_ext/565198302/diskio.o
                0x000072fc                disk_read

.rodata.gDrvUSBFSTableBW%100
                0x000073ac       0xb0
 .rodata.gDrvUSBFSTableBW
                0x000073ac       0xb0 build/default/production/_ext/818654064/drv_usbfsv1_host.o
                0x000073ac                gDrvUSBFSTableBW

.text.f_getlabel%101
                0x0000745c       0xa4
 .text.f_getlabel
                0x0000745c       0xa4 build/default/production/_ext/411819097/ff.o
                0x0000745c                f_getlabel

.text.SYS_TIME_AddToList%102
                0x00007500       0xa0
 .text.SYS_TIME_AddToList
                0x00007500       0xa0 build/default/production/_ext/101884895/sys_time.o

.text.SYS_TIME_Initialize%103
                0x000075a0       0xa0
 .text.SYS_TIME_Initialize
                0x000075a0       0xa0 build/default/production/_ext/101884895/sys_time.o
                0x000075a0                SYS_TIME_Initialize

.text.SYS_TIME_HwTimerCompareUpdate%104
                0x00007640       0x9c
 .text.SYS_TIME_HwTimerCompareUpdate
                0x00007640       0x9c build/default/production/_ext/101884895/sys_time.o

.text._free_r%105
                0x000076dc       0x9c
 .text._free_r  0x000076dc       0x9c c:/program files/microchip/xc32/v2.41/bin/bin/../../lib/gcc/pic32c/6.2.1/../../../../pic32c/lib/v7e-m/fpv4-sp/hard\libc_nano.a(lib_a-nano-freer.o)
                0x000076dc                _free_r

.text.Reset_Handler%106
                0x00007778       0x98
 .text.Reset_Handler
                0x00007778       0x98 build/default/production/_ext/1171490990/startup_xc32.o
                0x00007778                Reset_Handler

.text.FATFS_unmount%107
                0x00007810       0x94
 .text.FATFS_unmount
                0x00007810       0x94 build/default/production/_ext/1269487135/sys_fs_fat_interface.o
                0x00007810                FATFS_unmount

.text.USB_HOST_SCSI_Deinitialize%108
                0x000078a4       0x90
 .text.USB_HOST_SCSI_Deinitialize
                0x000078a4       0x90 build/default/production/_ext/308758920/usb_host_scsi.o
                0x000078a4                USB_HOST_SCSI_Deinitialize

.text._USB_HOST_MSD_InstanceRelease%109
                0x00007934       0x8c
 .text._USB_HOST_MSD_InstanceRelease
                0x00007934       0x8c build/default/production/_ext/308758920/usb_host_msd.o
                0x00007934                _USB_HOST_MSD_InstanceRelease

.text.SYS_FS_FileStat%110
                0x000079c0       0x8c
 .text.SYS_FS_FileStat
                0x000079c0       0x8c build/default/production/_ext/1269487135/sys_fs.o
                0x000079c0                SYS_FS_FileStat

.rodata.FatFsFunctions%111
                0x00007a4c       0x88
 .rodata.FatFsFunctions
                0x00007a4c       0x88 build/default/production/_ext/1171490990/initialization.o
                0x00007a4c                FatFsFunctions

.text.f_open%112
                0x00007ad4       0x88
 .text.f_open   0x00007ad4       0x88 build/default/production/_ext/411819097/ff.o
                0x00007ad4                f_open

.text.dir_next%113
                0x00007b5c       0x86
 .text.dir_next
                0x00007b5c       0x86 build/default/production/_ext/411819097/ff.o

.text.bootloader_Trigger%114
                0x00007be4       0x84
 .text.bootloader_Trigger
                0x00007be4       0x84 build/default/production/_ext/1360937237/app.o
                0x00007be4                bootloader_Trigger

.rodata.ExCvt%115
                0x00007c68       0x80